Copyright 1986-2022 Xilinx, Inc. All Rights Reserved. Copyright 2022-2023 Advanced Micro Devices, Inc. All Rights Reserved.
--------------------------------------------------------------------------------------------------------------------------------------------------
| Tool Version      : Vivado v.2023.2 (lin64) Build 4029153 Fri Oct 13 20:13:54 MDT 2023
| Date              : Tue Sep 15 20:30:46 2026
| Host              : AlbertsUbuntu running 64-bit Ubuntu 22.04.5 LTS
| Command           : report_timing_summary -file timing.rpt
| Design            : legacy_p2d2
| Device            : xcku5p-ffvb676
| Speed File        : -2  PRODUCTION 1.29 05-01-2022
| Design State      : Routed
| Temperature Grade : E
--------------------------------------------------------------------------------------------------------------------------------------------------

Timing Summary Report

------------------------------------------------------------------------------------------------
| Timer Settings
| --------------
------------------------------------------------------------------------------------------------

  Enable Multi Corner Analysis               :  Yes
  Enable Pessimism Removal                   :  Yes
  Pessimism Removal Resolution               :  Nearest Common Node
  Enable Input Delay Default Clock           :  No
  Enable Preset / Clear Arcs                 :  No
  Disable Flight Delays                      :  No
  Ignore I/O Paths                           :  No
  Timing Early Launch at Borrowing Latches   :  No
  Borrow Time for Max Delay Exceptions       :  Yes
  Merge Timing Exceptions                    :  Yes
  Inter-SLR Compensation                     :  Conservative

  Corner  Analyze    Analyze    
  Name    Max Paths  Min Paths  
  ------  ---------  ---------  
  Slow    Yes        Yes        
  Fast    Yes        Yes        


------------------------------------------------------------------------------------------------
| Report Methodology
| ------------------
------------------------------------------------------------------------------------------------

No report available as report_methodology has not been run prior. Run report_methodology on the current design for the summary of methodology violations.



check_timing report

Table of Contents
-----------------
1. checking no_clock (0)
2. checking constant_clock (0)
3. checking pulse_width_clock (0)
4. checking unconstrained_internal_endpoints (0)
5. checking no_input_delay (84)
6. checking no_output_delay (29)
7. checking multiple_clock (0)
8. checking generated_clocks (0)
9. checking loops (0)
10. checking partial_input_delay (0)
11. checking partial_output_delay (0)
12. checking latch_loops (0)

1. checking no_clock (0)
------------------------
 There are 0 register/latch pins with no clock.


2. checking constant_clock (0)
------------------------------
 There are 0 register/latch pins with constant_clock.


3. checking pulse_width_clock (0)
---------------------------------
 There are 0 register/latch pins which need pulse_width check


4. checking unconstrained_internal_endpoints (0)
------------------------------------------------
 There are 0 pins that are not constrained for maximum delay.

 There are 0 pins that are not constrained for maximum delay due to constant clock.


5. checking no_input_delay (84)
-------------------------------
 There are 84 input ports with no input delay specified. (HIGH)

 There are 0 input ports with no input delay but user has a false path constraint.


6. checking no_output_delay (29)
--------------------------------
 There are 29 ports with no output delay specified. (HIGH)

 There are 0 ports with no output delay but user has a false path constraint

 There are 0 ports with no output delay but with a timing clock defined on it or propagating through it


7. checking multiple_clock (0)
------------------------------
 There are 0 register/latch pins with multiple clocks.


8. checking generated_clocks (0)
--------------------------------
 There are 0 generated clocks that are not connected to a clock source.


9. checking loops (0)
---------------------
 There are 0 combinational loops in the design.


10. checking partial_input_delay (0)
------------------------------------
 There are 0 input ports with partial input delay specified.


11. checking partial_output_delay (0)
-------------------------------------
 There are 0 ports with partial output delay specified.


12. checking latch_loops (0)
----------------------------
 There are 0 combinational latch loops in the design through latch input



------------------------------------------------------------------------------------------------
| Design Timing Summary
| ---------------------
------------------------------------------------------------------------------------------------

    WNS(ns)      TNS(ns)  TNS Failing Endpoints  TNS Total Endpoints      WHS(ns)      THS(ns)  THS Failing Endpoints  THS Total Endpoints     WPWS(ns)     TPWS(ns)  TPWS Failing Endpoints  TPWS Total Endpoints  
    -------      -------  ---------------------  -------------------      -------      -------  ---------------------  -------------------     --------     --------  ----------------------  --------------------  
      0.673        0.000                      0                25212        0.029        0.000                      0                25212        1.958        0.000                       0                 10757  


All user specified timing constraints are met.


------------------------------------------------------------------------------------------------
| Clock Summary
| -------------
------------------------------------------------------------------------------------------------

Clock   Waveform(ns)         Period(ns)      Frequency(MHz)
-----   ------------         ----------      --------------
ap_clk  {0.000 2.500}        5.000           200.000         


------------------------------------------------------------------------------------------------
| Intra Clock Table
| -----------------
------------------------------------------------------------------------------------------------

Clock             WNS(ns)      TNS(ns)  TNS Failing Endpoints  TNS Total Endpoints      WHS(ns)      THS(ns)  THS Failing Endpoints  THS Total Endpoints     WPWS(ns)     TPWS(ns)  TPWS Failing Endpoints  TPWS Total Endpoints  
-----             -------      -------  ---------------------  -------------------      -------      -------  ---------------------  -------------------     --------     --------  ----------------------  --------------------  
ap_clk              0.673        0.000                      0                25212        0.029        0.000                      0                25212        1.958        0.000                       0                 10757  


------------------------------------------------------------------------------------------------
| Inter Clock Table
| -----------------
------------------------------------------------------------------------------------------------

From Clock    To Clock          WNS(ns)      TNS(ns)  TNS Failing Endpoints  TNS Total Endpoints      WHS(ns)      THS(ns)  THS Failing Endpoints  THS Total Endpoints  
----------    --------          -------      -------  ---------------------  -------------------      -------      -------  ---------------------  -------------------  


------------------------------------------------------------------------------------------------
| Other Path Groups Table
| -----------------------
------------------------------------------------------------------------------------------------

Path Group    From Clock    To Clock          WNS(ns)      TNS(ns)  TNS Failing Endpoints  TNS Total Endpoints      WHS(ns)      THS(ns)  THS Failing Endpoints  THS Total Endpoints  
----------    ----------    --------          -------      -------  ---------------------  -------------------      -------      -------  ---------------------  -------------------  


------------------------------------------------------------------------------------------------
| Timing Details
| --------------
------------------------------------------------------------------------------------------------


---------------------------------------------------------------------------------------------------
From Clock:  ap_clk
  To Clock:  ap_clk

Setup :            0  Failing Endpoints,  Worst Slack        0.673ns,  Total Violation        0.000ns
Hold  :            0  Failing Endpoints,  Worst Slack        0.029ns,  Total Violation        0.000ns
PW    :            0  Failing Endpoints,  Worst Slack        1.958ns,  Total Violation        0.000ns
---------------------------------------------------------------------------------------------------


Max Delay Paths
--------------------------------------------------------------------------------------
Slack (MET) :             0.673ns  (required time - arrival time)
  Source:                 dense_wide_stream_array_array_ap_fixed_24_14_5_3_0_1u_config9_U0/grp_dense_wide_stream_array_array_ap_fixed_1u_config9_Pipeline_DenseValues_fu_51/w9_ravel_packed_U/q0_reg_0/CLKBWRCLK
                            (rising edge-triggered cell RAMB36E2 clocked by ap_clk  {rise@0.000ns fall@2.500ns period=5.000ns})
  Destination:            dense_wide_stream_array_array_ap_fixed_24_14_5_3_0_1u_config9_U0/grp_dense_wide_stream_array_array_ap_fixed_1u_config9_Pipeline_DenseValues_fu_51/mul_ln73_reg_4430_reg/DSP_OUTPUT_INST/ALU_OUT[10]
                            (rising edge-triggered cell DSP_OUTPUT clocked by ap_clk  {rise@0.000ns fall@2.500ns period=5.000ns})
  Path Group:             ap_clk
  Path Type:              Setup (Max at Slow Process Corner)
  Requirement:            5.000ns  (ap_clk rise@5.000ns - ap_clk rise@0.000ns)
  Data Path Delay:        4.273ns  (logic 2.316ns (54.197%)  route 1.957ns (45.803%))
  Logic Levels:           5  (DSP_A_B_DATA=1 DSP_ALU=1 DSP_M_DATA=1 DSP_MULTIPLIER=1 DSP_PREADD_DATA=1)
  Clock Path Skew:        -0.033ns (DCD - SCD + CPR)
    Destination Clock Delay (DCD):    0.043ns = ( 5.043 - 5.000 ) 
    Source Clock Delay      (SCD):    0.076ns
    Clock Pessimism Removal (CPR):    0.000ns
  Clock Uncertainty:      0.035ns  ((TSJ^2 + TIJ^2)^1/2 + DJ) / 2 + PE
    Total System Jitter     (TSJ):    0.071ns
    Total Input Jitter      (TIJ):    0.000ns
    Discrete Jitter          (DJ):    0.000ns
    Phase Error              (PE):    0.000ns

    Location             Delay type                Incr(ns)  Path(ns)    Netlist Resource(s)
  -------------------------------------------------------------------    -------------------
                         (clock ap_clk rise edge)     0.000     0.000 r  
                                                      0.000     0.000 r  ap_clk (IN)
                         net (fo=10948, unset)        0.076     0.076    dense_wide_stream_array_array_ap_fixed_24_14_5_3_0_1u_config9_U0/grp_dense_wide_stream_array_array_ap_fixed_1u_config9_Pipeline_DenseValues_fu_51/w9_ravel_packed_U/ap_clk
    RAMB36_X3Y20         RAMB36E2                                     r  dense_wide_stream_array_array_ap_fixed_24_14_5_3_0_1u_config9_U0/grp_dense_wide_stream_array_array_ap_fixed_1u_config9_Pipeline_DenseValues_fu_51/w9_ravel_packed_U/q0_reg_0/CLKBWRCLK
  -------------------------------------------------------------------    -------------------
    RAMB36_X3Y20         RAMB36E2 (Prop_RAMB36E2_RAMB36_CLKBWRCLK_DOUTBDOUT[22])
                                                      0.866     0.942 f  dense_wide_stream_array_array_ap_fixed_24_14_5_3_0_1u_config9_U0/grp_dense_wide_stream_array_array_ap_fixed_1u_config9_Pipeline_DenseValues_fu_51/w9_ravel_packed_U/q0_reg_0/DOUTBDOUT[22]
                         net (fo=227, routed)         1.957     2.899    dense_wide_stream_array_array_ap_fixed_24_14_5_3_0_1u_config9_U0/grp_dense_wide_stream_array_array_ap_fixed_1u_config9_Pipeline_DenseValues_fu_51/mul_ln73_reg_4430_reg/B[3]
    DSP48E2_X7Y35        DSP_A_B_DATA (Prop_DSP_A_B_DATA_DSP48E2_B[3]_B2_DATA[3])
                                                      0.151     3.050 r  dense_wide_stream_array_array_ap_fixed_24_14_5_3_0_1u_config9_U0/grp_dense_wide_stream_array_array_ap_fixed_1u_config9_Pipeline_DenseValues_fu_51/mul_ln73_reg_4430_reg/DSP_A_B_DATA_INST/B2_DATA[3]
                         net (fo=1, routed)           0.000     3.050    dense_wide_stream_array_array_ap_fixed_24_14_5_3_0_1u_config9_U0/grp_dense_wide_stream_array_array_ap_fixed_1u_config9_Pipeline_DenseValues_fu_51/mul_ln73_reg_4430_reg/DSP_A_B_DATA.B2_DATA<3>
    DSP48E2_X7Y35        DSP_PREADD_DATA (Prop_DSP_PREADD_DATA_DSP48E2_B2_DATA[3]_B2B1[3])
                                                      0.073     3.123 r  dense_wide_stream_array_array_ap_fixed_24_14_5_3_0_1u_config9_U0/grp_dense_wide_stream_array_array_ap_fixed_1u_config9_Pipeline_DenseValues_fu_51/mul_ln73_reg_4430_reg/DSP_PREADD_DATA_INST/B2B1[3]
                         net (fo=1, routed)           0.000     3.123    dense_wide_stream_array_array_ap_fixed_24_14_5_3_0_1u_config9_U0/grp_dense_wide_stream_array_array_ap_fixed_1u_config9_Pipeline_DenseValues_fu_51/mul_ln73_reg_4430_reg/DSP_PREADD_DATA.B2B1<3>
    DSP48E2_X7Y35        DSP_MULTIPLIER (Prop_DSP_MULTIPLIER_DSP48E2_B2B1[3]_V[10])
                                                      0.609     3.732 f  dense_wide_stream_array_array_ap_fixed_24_14_5_3_0_1u_config9_U0/grp_dense_wide_stream_array_array_ap_fixed_1u_config9_Pipeline_DenseValues_fu_51/mul_ln73_reg_4430_reg/DSP_MULTIPLIER_INST/V[10]
                         net (fo=1, routed)           0.000     3.732    dense_wide_stream_array_array_ap_fixed_24_14_5_3_0_1u_config9_U0/grp_dense_wide_stream_array_array_ap_fixed_1u_config9_Pipeline_DenseValues_fu_51/mul_ln73_reg_4430_reg/DSP_MULTIPLIER.V<10>
    DSP48E2_X7Y35        DSP_M_DATA (Prop_DSP_M_DATA_DSP48E2_V[10]_V_DATA[10])
                                                      0.046     3.778 r  dense_wide_stream_array_array_ap_fixed_24_14_5_3_0_1u_config9_U0/grp_dense_wide_stream_array_array_ap_fixed_1u_config9_Pipeline_DenseValues_fu_51/mul_ln73_reg_4430_reg/DSP_M_DATA_INST/V_DATA[10]
                         net (fo=1, routed)           0.000     3.778    dense_wide_stream_array_array_ap_fixed_24_14_5_3_0_1u_config9_U0/grp_dense_wide_stream_array_array_ap_fixed_1u_config9_Pipeline_DenseValues_fu_51/mul_ln73_reg_4430_reg/DSP_M_DATA.V_DATA<10>
    DSP48E2_X7Y35        DSP_ALU (Prop_DSP_ALU_DSP48E2_V_DATA[10]_ALU_OUT[10])
                                                      0.571     4.349 r  dense_wide_stream_array_array_ap_fixed_24_14_5_3_0_1u_config9_U0/grp_dense_wide_stream_array_array_ap_fixed_1u_config9_Pipeline_DenseValues_fu_51/mul_ln73_reg_4430_reg/DSP_ALU_INST/ALU_OUT[10]
                         net (fo=1, routed)           0.000     4.349    dense_wide_stream_array_array_ap_fixed_24_14_5_3_0_1u_config9_U0/grp_dense_wide_stream_array_array_ap_fixed_1u_config9_Pipeline_DenseValues_fu_51/mul_ln73_reg_4430_reg/DSP_ALU.ALU_OUT<10>
    DSP48E2_X7Y35        DSP_OUTPUT                                   r  dense_wide_stream_array_array_ap_fixed_24_14_5_3_0_1u_config9_U0/grp_dense_wide_stream_array_array_ap_fixed_1u_config9_Pipeline_DenseValues_fu_51/mul_ln73_reg_4430_reg/DSP_OUTPUT_INST/ALU_OUT[10]
  -------------------------------------------------------------------    -------------------

                         (clock ap_clk rise edge)     5.000     5.000 r  
                                                      0.000     5.000 r  ap_clk (IN)
                         net (fo=10948, unset)        0.043     5.043    dense_wide_stream_array_array_ap_fixed_24_14_5_3_0_1u_config9_U0/grp_dense_wide_stream_array_array_ap_fixed_1u_config9_Pipeline_DenseValues_fu_51/mul_ln73_reg_4430_reg/CLK
    DSP48E2_X7Y35        DSP_OUTPUT                                   r  dense_wide_stream_array_array_ap_fixed_24_14_5_3_0_1u_config9_U0/grp_dense_wide_stream_array_array_ap_fixed_1u_config9_Pipeline_DenseValues_fu_51/mul_ln73_reg_4430_reg/DSP_OUTPUT_INST/CLK
                         clock pessimism              0.000     5.043    
                         clock uncertainty           -0.035     5.008    
    DSP48E2_X7Y35        DSP_OUTPUT (Setup_DSP_OUTPUT_DSP48E2_CLK_ALU_OUT[10])
                                                      0.015     5.023    dense_wide_stream_array_array_ap_fixed_24_14_5_3_0_1u_config9_U0/grp_dense_wide_stream_array_array_ap_fixed_1u_config9_Pipeline_DenseValues_fu_51/mul_ln73_reg_4430_reg/DSP_OUTPUT_INST
  -------------------------------------------------------------------
                         required time                          5.023    
                         arrival time                          -4.349    
  -------------------------------------------------------------------
                         slack                                  0.673    





Min Delay Paths
--------------------------------------------------------------------------------------
Slack (MET) :             0.029ns  (arrival time - required time)
  Source:                 first_conv_2row_4lane_temporal_wide_cl_array_array_ap_fixed_80u_config4_U0/res_out_27_reg_9189_reg[2]/C
                            (rising edge-triggered cell FDRE clocked by ap_clk  {rise@0.000ns fall@2.500ns period=5.000ns})
  Destination:            layer4_out_x4_U/U_legacy_p2d2_fifo_w1280_d4_S_ShiftReg/SRL_SIG_reg[3][434]_srl4/D
                            (rising edge-triggered cell SRL16E clocked by ap_clk  {rise@0.000ns fall@2.500ns period=5.000ns})
  Path Group:             ap_clk
  Path Type:              Hold (Min at Fast Process Corner)
  Requirement:            0.000ns  (ap_clk rise@0.000ns - ap_clk rise@0.000ns)
  Data Path Delay:        0.117ns  (logic 0.038ns (32.479%)  route 0.079ns (67.521%))
  Logic Levels:           0  
  Clock Path Skew:        0.026ns (DCD - SCD - CPR)
    Destination Clock Delay (DCD):    0.039ns
    Source Clock Delay      (SCD):    0.013ns
    Clock Pessimism Removal (CPR):    -0.000ns

    Location             Delay type                Incr(ns)  Path(ns)    Netlist Resource(s)
  -------------------------------------------------------------------    -------------------
                         (clock ap_clk rise edge)     0.000     0.000 r  
                                                      0.000     0.000 r  ap_clk (IN)
                         net (fo=10948, unset)        0.013     0.013    first_conv_2row_4lane_temporal_wide_cl_array_array_ap_fixed_80u_config4_U0/ap_clk
    SLICE_X32Y145        FDRE                                         r  first_conv_2row_4lane_temporal_wide_cl_array_array_ap_fixed_80u_config4_U0/res_out_27_reg_9189_reg[2]/C
  -------------------------------------------------------------------    -------------------
    SLICE_X32Y145        FDRE (Prop_AFF_SLICEM_C_Q)
                                                      0.038     0.051 r  first_conv_2row_4lane_temporal_wide_cl_array_array_ap_fixed_80u_config4_U0/res_out_27_reg_9189_reg[2]/Q
                         net (fo=1, routed)           0.079     0.130    layer4_out_x4_U/U_legacy_p2d2_fifo_w1280_d4_S_ShiftReg/in[414]
    SLICE_X32Y142        SRL16E                                       r  layer4_out_x4_U/U_legacy_p2d2_fifo_w1280_d4_S_ShiftReg/SRL_SIG_reg[3][434]_srl4/D
  -------------------------------------------------------------------    -------------------

                         (clock ap_clk rise edge)     0.000     0.000 r  
                                                      0.000     0.000 r  ap_clk (IN)
                         net (fo=10948, unset)        0.039     0.039    layer4_out_x4_U/U_legacy_p2d2_fifo_w1280_d4_S_ShiftReg/ap_clk
    SLICE_X32Y142        SRL16E                                       r  layer4_out_x4_U/U_legacy_p2d2_fifo_w1280_d4_S_ShiftReg/SRL_SIG_reg[3][434]_srl4/CLK
                         clock pessimism              0.000     0.039    
    SLICE_X32Y142        SRL16E (Hold_H5LUT_SLICEM_CLK_D)
                                                      0.062     0.101    layer4_out_x4_U/U_legacy_p2d2_fifo_w1280_d4_S_ShiftReg/SRL_SIG_reg[3][434]_srl4
  -------------------------------------------------------------------
                         required time                         -0.101    
                         arrival time                           0.130    
  -------------------------------------------------------------------
                         slack                                  0.029    





Pulse Width Checks
--------------------------------------------------------------------------------------
Clock Name:         ap_clk
Waveform(ns):       { 0.000 2.500 }
Period(ns):         5.000
Sources:            { ap_clk }

Check Type        Corner  Lib Pin             Reference Pin  Required(ns)  Actual(ns)  Slack(ns)  Location      Pin
Min Period        n/a     RAMB36E2/CLKARDCLK  n/a            1.355         5.000       3.645      RAMB36_X3Y20  dense_wide_stream_array_array_ap_fixed_24_14_5_3_0_1u_config9_U0/grp_dense_wide_stream_array_array_ap_fixed_1u_config9_Pipeline_DenseValues_fu_51/w9_ravel_packed_U/q0_reg_0/CLKARDCLK
Low Pulse Width   Slow    RAMB36E2/CLKARDCLK  n/a            0.542         2.500       1.958      RAMB36_X3Y20  dense_wide_stream_array_array_ap_fixed_24_14_5_3_0_1u_config9_U0/grp_dense_wide_stream_array_array_ap_fixed_1u_config9_Pipeline_DenseValues_fu_51/w9_ravel_packed_U/q0_reg_0/CLKARDCLK
High Pulse Width  Slow    RAMB36E2/CLKARDCLK  n/a            0.542         2.500       1.958      RAMB36_X3Y20  dense_wide_stream_array_array_ap_fixed_24_14_5_3_0_1u_config9_U0/grp_dense_wide_stream_array_array_ap_fixed_1u_config9_Pipeline_DenseValues_fu_51/w9_ravel_packed_U/q0_reg_0/CLKARDCLK



