Copyright 1986-2022 Xilinx, Inc. All Rights Reserved. Copyright 2022-2023 Advanced Micro Devices, Inc. All Rights Reserved.
--------------------------------------------------------------------------------------------------------------------------------------------------
| Tool Version      : Vivado v.2023.2 (lin64) Build 4029153 Fri Oct 13 20:13:54 MDT 2023
| Date              : Tue Sep 15 12:18:09 2026
| Host              : AlbertsUbuntu running 64-bit Ubuntu 22.04.5 LTS
| Command           : report_timing_summary -file timing.rpt
| Design            : clean_target
| Device            : xcku5p-ffvb676
| Speed File        : -2  PRODUCTION 1.29 05-01-2022
| Design State      : Routed
| Temperature Grade : E
--------------------------------------------------------------------------------------------------------------------------------------------------

Timing Summary Report

------------------------------------------------------------------------------------------------
| Timer Settings
| --------------
------------------------------------------------------------------------------------------------

  Enable Multi Corner Analysis               :  Yes
  Enable Pessimism Removal                   :  Yes
  Pessimism Removal Resolution               :  Nearest Common Node
  Enable Input Delay Default Clock           :  No
  Enable Preset / Clear Arcs                 :  No
  Disable Flight Delays                      :  No
  Ignore I/O Paths                           :  No
  Timing Early Launch at Borrowing Latches   :  No
  Borrow Time for Max Delay Exceptions       :  Yes
  Merge Timing Exceptions                    :  Yes
  Inter-SLR Compensation                     :  Conservative

  Corner  Analyze    Analyze    
  Name    Max Paths  Min Paths  
  ------  ---------  ---------  
  Slow    Yes        Yes        
  Fast    Yes        Yes        


------------------------------------------------------------------------------------------------
| Report Methodology
| ------------------
------------------------------------------------------------------------------------------------

No report available as report_methodology has not been run prior. Run report_methodology on the current design for the summary of methodology violations.



check_timing report

Table of Contents
-----------------
1. checking no_clock (0)
2. checking constant_clock (0)
3. checking pulse_width_clock (0)
4. checking unconstrained_internal_endpoints (0)
5. checking no_input_delay (14)
6. checking no_output_delay (26)
7. checking multiple_clock (0)
8. checking generated_clocks (0)
9. checking loops (0)
10. checking partial_input_delay (0)
11. checking partial_output_delay (0)
12. checking latch_loops (0)

1. checking no_clock (0)
------------------------
 There are 0 register/latch pins with no clock.


2. checking constant_clock (0)
------------------------------
 There are 0 register/latch pins with constant_clock.


3. checking pulse_width_clock (0)
---------------------------------
 There are 0 register/latch pins which need pulse_width check


4. checking unconstrained_internal_endpoints (0)
------------------------------------------------
 There are 0 pins that are not constrained for maximum delay.

 There are 0 pins that are not constrained for maximum delay due to constant clock.


5. checking no_input_delay (14)
-------------------------------
 There are 14 input ports with no input delay specified. (HIGH)

 There are 0 input ports with no input delay but user has a false path constraint.


6. checking no_output_delay (26)
--------------------------------
 There are 26 ports with no output delay specified. (HIGH)

 There are 0 ports with no output delay but user has a false path constraint

 There are 0 ports with no output delay but with a timing clock defined on it or propagating through it


7. checking multiple_clock (0)
------------------------------
 There are 0 register/latch pins with multiple clocks.


8. checking generated_clocks (0)
--------------------------------
 There are 0 generated clocks that are not connected to a clock source.


9. checking loops (0)
---------------------
 There are 0 combinational loops in the design.


10. checking partial_input_delay (0)
------------------------------------
 There are 0 input ports with partial input delay specified.


11. checking partial_output_delay (0)
-------------------------------------
 There are 0 ports with partial output delay specified.


12. checking latch_loops (0)
----------------------------
 There are 0 combinational latch loops in the design through latch input



------------------------------------------------------------------------------------------------
| Design Timing Summary
| ---------------------
------------------------------------------------------------------------------------------------

    WNS(ns)      TNS(ns)  TNS Failing Endpoints  TNS Total Endpoints      WHS(ns)      THS(ns)  THS Failing Endpoints  THS Total Endpoints     WPWS(ns)     TPWS(ns)  TPWS Failing Endpoints  TPWS Total Endpoints  
    -------      -------  ---------------------  -------------------      -------      -------  ---------------------  -------------------     --------     --------  ----------------------  --------------------  
      0.928        0.000                      0                31930        0.036        0.000                      0                31930        1.958        0.000                       0                 15680  


All user specified timing constraints are met.


------------------------------------------------------------------------------------------------
| Clock Summary
| -------------
------------------------------------------------------------------------------------------------

Clock   Waveform(ns)         Period(ns)      Frequency(MHz)
-----   ------------         ----------      --------------
ap_clk  {0.000 2.500}        5.000           200.000         


------------------------------------------------------------------------------------------------
| Intra Clock Table
| -----------------
------------------------------------------------------------------------------------------------

Clock             WNS(ns)      TNS(ns)  TNS Failing Endpoints  TNS Total Endpoints      WHS(ns)      THS(ns)  THS Failing Endpoints  THS Total Endpoints     WPWS(ns)     TPWS(ns)  TPWS Failing Endpoints  TPWS Total Endpoints  
-----             -------      -------  ---------------------  -------------------      -------      -------  ---------------------  -------------------     --------     --------  ----------------------  --------------------  
ap_clk              0.928        0.000                      0                31930        0.036        0.000                      0                31930        1.958        0.000                       0                 15680  


------------------------------------------------------------------------------------------------
| Inter Clock Table
| -----------------
------------------------------------------------------------------------------------------------

From Clock    To Clock          WNS(ns)      TNS(ns)  TNS Failing Endpoints  TNS Total Endpoints      WHS(ns)      THS(ns)  THS Failing Endpoints  THS Total Endpoints  
----------    --------          -------      -------  ---------------------  -------------------      -------      -------  ---------------------  -------------------  


------------------------------------------------------------------------------------------------
| Other Path Groups Table
| -----------------------
------------------------------------------------------------------------------------------------

Path Group    From Clock    To Clock          WNS(ns)      TNS(ns)  TNS Failing Endpoints  TNS Total Endpoints      WHS(ns)      THS(ns)  THS Failing Endpoints  THS Total Endpoints  
----------    ----------    --------          -------      -------  ---------------------  -------------------      -------      -------  ---------------------  -------------------  


------------------------------------------------------------------------------------------------
| Timing Details
| --------------
------------------------------------------------------------------------------------------------


---------------------------------------------------------------------------------------------------
From Clock:  ap_clk
  To Clock:  ap_clk

Setup :            0  Failing Endpoints,  Worst Slack        0.928ns,  Total Violation        0.000ns
Hold  :            0  Failing Endpoints,  Worst Slack        0.036ns,  Total Violation        0.000ns
PW    :            0  Failing Endpoints,  Worst Slack        1.958ns,  Total Violation        0.000ns
---------------------------------------------------------------------------------------------------


Max Delay Paths
--------------------------------------------------------------------------------------
Slack (MET) :             0.928ns  (required time - arrival time)
  Source:                 conv_2d_cl_array_ap_fixed_12u_array_ap_fixed_18_9_5_3_0_12u_config7_U0/grp_compute_output_buffer_2d_array_array_ap_fixed_18_9_5_3_0_12u_config7_s_fu_314/grp_dense_latency_ap_fixed_10_5_0_2_0_ap_fixed_18_9_5_3_0_config7_mult_s_fu_622/add_ln58_494_reg_10746_reg[0]/C
                            (rising edge-triggered cell FDRE clocked by ap_clk  {rise@0.000ns fall@2.500ns period=5.000ns})
  Destination:            conv_2d_cl_array_ap_fixed_12u_array_ap_fixed_18_9_5_3_0_12u_config7_U0/grp_compute_output_buffer_2d_array_array_ap_fixed_18_9_5_3_0_12u_config7_s_fu_314/res_out_3_reg_970_reg[12]/D
                            (rising edge-triggered cell FDRE clocked by ap_clk  {rise@0.000ns fall@2.500ns period=5.000ns})
  Path Group:             ap_clk
  Path Type:              Setup (Max at Slow Process Corner)
  Requirement:            5.000ns  (ap_clk rise@5.000ns - ap_clk rise@0.000ns)
  Data Path Delay:        4.053ns  (logic 1.466ns (36.168%)  route 2.587ns (63.832%))
  Logic Levels:           11  (CARRY8=4 LUT3=4 LUT4=3)
  Clock Path Skew:        -0.008ns (DCD - SCD + CPR)
    Destination Clock Delay (DCD):    0.020ns = ( 5.020 - 5.000 ) 
    Source Clock Delay      (SCD):    0.028ns
    Clock Pessimism Removal (CPR):    0.000ns
  Clock Uncertainty:      0.035ns  ((TSJ^2 + TIJ^2)^1/2 + DJ) / 2 + PE
    Total System Jitter     (TSJ):    0.071ns
    Total Input Jitter      (TIJ):    0.000ns
    Discrete Jitter          (DJ):    0.000ns
    Phase Error              (PE):    0.000ns

    Location             Delay type                Incr(ns)  Path(ns)    Netlist Resource(s)
  -------------------------------------------------------------------    -------------------
                         (clock ap_clk rise edge)     0.000     0.000 r  
                                                      0.000     0.000 r  ap_clk (IN)
                         net (fo=15679, unset)        0.028     0.028    conv_2d_cl_array_ap_fixed_12u_array_ap_fixed_18_9_5_3_0_12u_config7_U0/grp_compute_output_buffer_2d_array_array_ap_fixed_18_9_5_3_0_12u_config7_s_fu_314/grp_dense_latency_ap_fixed_10_5_0_2_0_ap_fixed_18_9_5_3_0_config7_mult_s_fu_622/ap_clk
    SLICE_X8Y113         FDRE                                         r  conv_2d_cl_array_ap_fixed_12u_array_ap_fixed_18_9_5_3_0_12u_config7_U0/grp_compute_output_buffer_2d_array_array_ap_fixed_18_9_5_3_0_12u_config7_s_fu_314/grp_dense_latency_ap_fixed_10_5_0_2_0_ap_fixed_18_9_5_3_0_config7_mult_s_fu_622/add_ln58_494_reg_10746_reg[0]/C
  -------------------------------------------------------------------    -------------------
    SLICE_X8Y113         FDRE (Prop_AFF_SLICEL_C_Q)
                                                      0.079     0.107 r  conv_2d_cl_array_ap_fixed_12u_array_ap_fixed_18_9_5_3_0_12u_config7_U0/grp_compute_output_buffer_2d_array_array_ap_fixed_18_9_5_3_0_12u_config7_s_fu_314/grp_dense_latency_ap_fixed_10_5_0_2_0_ap_fixed_18_9_5_3_0_config7_mult_s_fu_622/add_ln58_494_reg_10746_reg[0]/Q
                         net (fo=2, routed)           0.381     0.488    conv_2d_cl_array_ap_fixed_12u_array_ap_fixed_18_9_5_3_0_12u_config7_U0/grp_compute_output_buffer_2d_array_array_ap_fixed_18_9_5_3_0_12u_config7_s_fu_314/grp_dense_latency_ap_fixed_10_5_0_2_0_ap_fixed_18_9_5_3_0_config7_mult_s_fu_622/add_ln58_494_reg_10746[0]
    SLICE_X17Y109        LUT3 (Prop_A5LUT_SLICEL_I0_O)
                                                      0.112     0.600 r  conv_2d_cl_array_ap_fixed_12u_array_ap_fixed_18_9_5_3_0_12u_config7_U0/grp_compute_output_buffer_2d_array_array_ap_fixed_18_9_5_3_0_12u_config7_s_fu_314/grp_dense_latency_ap_fixed_10_5_0_2_0_ap_fixed_18_9_5_3_0_config7_mult_s_fu_622/ap_return_3_int_reg[17]_i_62/O
                         net (fo=2, routed)           0.198     0.798    conv_2d_cl_array_ap_fixed_12u_array_ap_fixed_18_9_5_3_0_12u_config7_U0/grp_compute_output_buffer_2d_array_array_ap_fixed_18_9_5_3_0_12u_config7_s_fu_314/grp_dense_latency_ap_fixed_10_5_0_2_0_ap_fixed_18_9_5_3_0_config7_mult_s_fu_622/ap_return_3_int_reg[17]_i_62_n_5
    SLICE_X17Y109        LUT4 (Prop_B6LUT_SLICEL_I3_O)
                                                      0.124     0.922 r  conv_2d_cl_array_ap_fixed_12u_array_ap_fixed_18_9_5_3_0_12u_config7_U0/grp_compute_output_buffer_2d_array_array_ap_fixed_18_9_5_3_0_12u_config7_s_fu_314/grp_dense_latency_ap_fixed_10_5_0_2_0_ap_fixed_18_9_5_3_0_config7_mult_s_fu_622/ap_return_3_int_reg[17]_i_69/O
                         net (fo=1, routed)           0.009     0.931    conv_2d_cl_array_ap_fixed_12u_array_ap_fixed_18_9_5_3_0_12u_config7_U0/grp_compute_output_buffer_2d_array_array_ap_fixed_18_9_5_3_0_12u_config7_s_fu_314/grp_dense_latency_ap_fixed_10_5_0_2_0_ap_fixed_18_9_5_3_0_config7_mult_s_fu_622/ap_return_3_int_reg[17]_i_69_n_5
    SLICE_X17Y109        CARRY8 (Prop_CARRY8_SLICEL_S[1]_O[5])
                                                      0.233     1.164 r  conv_2d_cl_array_ap_fixed_12u_array_ap_fixed_18_9_5_3_0_12u_config7_U0/grp_compute_output_buffer_2d_array_array_ap_fixed_18_9_5_3_0_12u_config7_s_fu_314/grp_dense_latency_ap_fixed_10_5_0_2_0_ap_fixed_18_9_5_3_0_config7_mult_s_fu_622/ap_return_3_int_reg_reg[17]_i_38/O[5]
                         net (fo=2, routed)           0.624     1.788    conv_2d_cl_array_ap_fixed_12u_array_ap_fixed_18_9_5_3_0_12u_config7_U0/grp_compute_output_buffer_2d_array_array_ap_fixed_18_9_5_3_0_12u_config7_s_fu_314/grp_dense_latency_ap_fixed_10_5_0_2_0_ap_fixed_18_9_5_3_0_config7_mult_s_fu_622/ap_return_3_int_reg_reg[17]_i_38_n_15
    SLICE_X21Y76         LUT3 (Prop_F5LUT_SLICEM_I2_O)
                                                      0.105     1.893 r  conv_2d_cl_array_ap_fixed_12u_array_ap_fixed_18_9_5_3_0_12u_config7_U0/grp_compute_output_buffer_2d_array_array_ap_fixed_18_9_5_3_0_12u_config7_s_fu_314/grp_dense_latency_ap_fixed_10_5_0_2_0_ap_fixed_18_9_5_3_0_config7_mult_s_fu_622/ap_return_3_int_reg[17]_i_23/O
                         net (fo=2, routed)           0.233     2.126    conv_2d_cl_array_ap_fixed_12u_array_ap_fixed_18_9_5_3_0_12u_config7_U0/grp_compute_output_buffer_2d_array_array_ap_fixed_18_9_5_3_0_12u_config7_s_fu_314/grp_dense_latency_ap_fixed_10_5_0_2_0_ap_fixed_18_9_5_3_0_config7_mult_s_fu_622/ap_return_3_int_reg[17]_i_23_n_5
    SLICE_X21Y76         LUT4 (Prop_G6LUT_SLICEM_I3_O)
                                                      0.090     2.216 r  conv_2d_cl_array_ap_fixed_12u_array_ap_fixed_18_9_5_3_0_12u_config7_U0/grp_compute_output_buffer_2d_array_array_ap_fixed_18_9_5_3_0_12u_config7_s_fu_314/grp_dense_latency_ap_fixed_10_5_0_2_0_ap_fixed_18_9_5_3_0_config7_mult_s_fu_622/ap_return_3_int_reg[17]_i_30/O
                         net (fo=1, routed)           0.016     2.232    conv_2d_cl_array_ap_fixed_12u_array_ap_fixed_18_9_5_3_0_12u_config7_U0/grp_compute_output_buffer_2d_array_array_ap_fixed_18_9_5_3_0_12u_config7_s_fu_314/grp_dense_latency_ap_fixed_10_5_0_2_0_ap_fixed_18_9_5_3_0_config7_mult_s_fu_622/ap_return_3_int_reg[17]_i_30_n_5
    SLICE_X21Y76         CARRY8 (Prop_CARRY8_SLICEM_S[6]_CO[7])
                                                      0.117     2.349 r  conv_2d_cl_array_ap_fixed_12u_array_ap_fixed_18_9_5_3_0_12u_config7_U0/grp_compute_output_buffer_2d_array_array_ap_fixed_18_9_5_3_0_12u_config7_s_fu_314/grp_dense_latency_ap_fixed_10_5_0_2_0_ap_fixed_18_9_5_3_0_config7_mult_s_fu_622/ap_return_3_int_reg_reg[17]_i_4/CO[7]
                         net (fo=1, routed)           0.026     2.375    conv_2d_cl_array_ap_fixed_12u_array_ap_fixed_18_9_5_3_0_12u_config7_U0/grp_compute_output_buffer_2d_array_array_ap_fixed_18_9_5_3_0_12u_config7_s_fu_314/grp_dense_latency_ap_fixed_10_5_0_2_0_ap_fixed_18_9_5_3_0_config7_mult_s_fu_622/ap_return_3_int_reg_reg[17]_i_4_n_5
    SLICE_X21Y77         CARRY8 (Prop_CARRY8_SLICEM_CI_O[0])
                                                      0.056     2.431 r  conv_2d_cl_array_ap_fixed_12u_array_ap_fixed_18_9_5_3_0_12u_config7_U0/grp_compute_output_buffer_2d_array_array_ap_fixed_18_9_5_3_0_12u_config7_s_fu_314/grp_dense_latency_ap_fixed_10_5_0_2_0_ap_fixed_18_9_5_3_0_config7_mult_s_fu_622/ap_return_3_int_reg_reg[17]_i_2/O[0]
                         net (fo=2, routed)           0.296     2.727    conv_2d_cl_array_ap_fixed_12u_array_ap_fixed_18_9_5_3_0_12u_config7_U0/grp_compute_output_buffer_2d_array_array_ap_fixed_18_9_5_3_0_12u_config7_s_fu_314/grp_dense_latency_ap_fixed_10_5_0_2_0_ap_fixed_18_9_5_3_0_config7_mult_s_fu_622/sext_ln58_746_fu_9779_p1[8]
    SLICE_X20Y76         LUT3 (Prop_A5LUT_SLICEM_I2_O)
                                                      0.100     2.827 r  conv_2d_cl_array_ap_fixed_12u_array_ap_fixed_18_9_5_3_0_12u_config7_U0/grp_compute_output_buffer_2d_array_array_ap_fixed_18_9_5_3_0_12u_config7_s_fu_314/grp_dense_latency_ap_fixed_10_5_0_2_0_ap_fixed_18_9_5_3_0_config7_mult_s_fu_622/ap_return_3_int_reg[15]_i_7/O
                         net (fo=2, routed)           0.219     3.046    conv_2d_cl_array_ap_fixed_12u_array_ap_fixed_18_9_5_3_0_12u_config7_U0/grp_compute_output_buffer_2d_array_array_ap_fixed_18_9_5_3_0_12u_config7_s_fu_314/grp_dense_latency_ap_fixed_10_5_0_2_0_ap_fixed_18_9_5_3_0_config7_mult_s_fu_622/ap_return_3_int_reg[15]_i_7_n_5
    SLICE_X20Y76         LUT4 (Prop_B6LUT_SLICEM_I3_O)
                                                      0.089     3.135 r  conv_2d_cl_array_ap_fixed_12u_array_ap_fixed_18_9_5_3_0_12u_config7_U0/grp_compute_output_buffer_2d_array_array_ap_fixed_18_9_5_3_0_12u_config7_s_fu_314/grp_dense_latency_ap_fixed_10_5_0_2_0_ap_fixed_18_9_5_3_0_config7_mult_s_fu_622/ap_return_3_int_reg[15]_i_15/O
                         net (fo=1, routed)           0.016     3.151    conv_2d_cl_array_ap_fixed_12u_array_ap_fixed_18_9_5_3_0_12u_config7_U0/grp_compute_output_buffer_2d_array_array_ap_fixed_18_9_5_3_0_12u_config7_s_fu_314/grp_dense_latency_ap_fixed_10_5_0_2_0_ap_fixed_18_9_5_3_0_config7_mult_s_fu_622/ap_return_3_int_reg[15]_i_15_n_5
    SLICE_X20Y76         CARRY8 (Prop_CARRY8_SLICEM_S[1]_O[4])
                                                      0.204     3.355 r  conv_2d_cl_array_ap_fixed_12u_array_ap_fixed_18_9_5_3_0_12u_config7_U0/grp_compute_output_buffer_2d_array_array_ap_fixed_18_9_5_3_0_12u_config7_s_fu_314/grp_dense_latency_ap_fixed_10_5_0_2_0_ap_fixed_18_9_5_3_0_config7_mult_s_fu_622/ap_return_3_int_reg_reg[15]_i_1/O[4]
                         net (fo=2, routed)           0.554     3.909    conv_2d_cl_array_ap_fixed_12u_array_ap_fixed_18_9_5_3_0_12u_config7_U0/grp_compute_output_buffer_2d_array_array_ap_fixed_18_9_5_3_0_12u_config7_s_fu_314/grp_dense_latency_ap_fixed_10_5_0_2_0_ap_fixed_18_9_5_3_0_config7_mult_s_fu_622/add_ln58_501_fu_9795_p2[12]
    SLICE_X19Y102        LUT3 (Prop_D5LUT_SLICEL_I0_O)
                                                      0.157     4.066 r  conv_2d_cl_array_ap_fixed_12u_array_ap_fixed_18_9_5_3_0_12u_config7_U0/grp_compute_output_buffer_2d_array_array_ap_fixed_18_9_5_3_0_12u_config7_s_fu_314/grp_dense_latency_ap_fixed_10_5_0_2_0_ap_fixed_18_9_5_3_0_config7_mult_s_fu_622/res_out_3_reg_970[12]_i_1/O
                         net (fo=1, routed)           0.015     4.081    conv_2d_cl_array_ap_fixed_12u_array_ap_fixed_18_9_5_3_0_12u_config7_U0/grp_compute_output_buffer_2d_array_array_ap_fixed_18_9_5_3_0_12u_config7_s_fu_314/grp_dense_latency_ap_fixed_10_5_0_2_0_ap_fixed_18_9_5_3_0_config7_mult_s_fu_622_ap_return_3[12]
    SLICE_X19Y102        FDRE                                         r  conv_2d_cl_array_ap_fixed_12u_array_ap_fixed_18_9_5_3_0_12u_config7_U0/grp_compute_output_buffer_2d_array_array_ap_fixed_18_9_5_3_0_12u_config7_s_fu_314/res_out_3_reg_970_reg[12]/D
  -------------------------------------------------------------------    -------------------

                         (clock ap_clk rise edge)     5.000     5.000 r  
                                                      0.000     5.000 r  ap_clk (IN)
                         net (fo=15679, unset)        0.020     5.020    conv_2d_cl_array_ap_fixed_12u_array_ap_fixed_18_9_5_3_0_12u_config7_U0/grp_compute_output_buffer_2d_array_array_ap_fixed_18_9_5_3_0_12u_config7_s_fu_314/ap_clk
    SLICE_X19Y102        FDRE                                         r  conv_2d_cl_array_ap_fixed_12u_array_ap_fixed_18_9_5_3_0_12u_config7_U0/grp_compute_output_buffer_2d_array_array_ap_fixed_18_9_5_3_0_12u_config7_s_fu_314/res_out_3_reg_970_reg[12]/C
                         clock pessimism              0.000     5.020    
                         clock uncertainty           -0.035     4.985    
    SLICE_X19Y102        FDRE (Setup_DFF2_SLICEL_C_D)
                                                      0.025     5.010    conv_2d_cl_array_ap_fixed_12u_array_ap_fixed_18_9_5_3_0_12u_config7_U0/grp_compute_output_buffer_2d_array_array_ap_fixed_18_9_5_3_0_12u_config7_s_fu_314/res_out_3_reg_970_reg[12]
  -------------------------------------------------------------------
                         required time                          5.010    
                         arrival time                          -4.081    
  -------------------------------------------------------------------
                         slack                                  0.928    





Min Delay Paths
--------------------------------------------------------------------------------------
Slack (MET) :             0.036ns  (arrival time - required time)
  Source:                 relu_array_ap_fixed_12u_array_ap_ufixed_17_8_5_3_0_12u_relu_config8_U0/select_ln51_4_reg_1100_reg[1]/C
                            (rising edge-triggered cell FDRE clocked by ap_clk  {rise@0.000ns fall@2.500ns period=5.000ns})
  Destination:            layer8_out_U/U_clean_target_fifo_w204_d52_A_ram/mem_reg_0_63_63_69/RAMG/I
                            (rising edge-triggered cell RAMD64E clocked by ap_clk  {rise@0.000ns fall@2.500ns period=5.000ns})
  Path Group:             ap_clk
  Path Type:              Hold (Min at Fast Process Corner)
  Requirement:            0.000ns  (ap_clk rise@0.000ns - ap_clk rise@0.000ns)
  Data Path Delay:        0.118ns  (logic 0.040ns (33.898%)  route 0.078ns (66.102%))
  Logic Levels:           0  
  Clock Path Skew:        0.027ns (DCD - SCD - CPR)
    Destination Clock Delay (DCD):    0.039ns
    Source Clock Delay      (SCD):    0.012ns
    Clock Pessimism Removal (CPR):    -0.000ns

    Location             Delay type                Incr(ns)  Path(ns)    Netlist Resource(s)
  -------------------------------------------------------------------    -------------------
                         (clock ap_clk rise edge)     0.000     0.000 r  
                                                      0.000     0.000 r  ap_clk (IN)
                         net (fo=15679, unset)        0.012     0.012    relu_array_ap_fixed_12u_array_ap_ufixed_17_8_5_3_0_12u_relu_config8_U0/ap_clk
    SLICE_X19Y122        FDRE                                         r  relu_array_ap_fixed_12u_array_ap_ufixed_17_8_5_3_0_12u_relu_config8_U0/select_ln51_4_reg_1100_reg[1]/C
  -------------------------------------------------------------------    -------------------
    SLICE_X19Y122        FDRE (Prop_BFF2_SLICEL_C_Q)
                                                      0.040     0.052 r  relu_array_ap_fixed_12u_array_ap_ufixed_17_8_5_3_0_12u_relu_config8_U0/select_ln51_4_reg_1100_reg[1]/Q
                         net (fo=1, routed)           0.078     0.130    layer8_out_U/U_clean_target_fifo_w204_d52_A_ram/mem_reg_0_63_63_69/DIG
    SLICE_X20Y123        RAMD64E                                      r  layer8_out_U/U_clean_target_fifo_w204_d52_A_ram/mem_reg_0_63_63_69/RAMG/I
  -------------------------------------------------------------------    -------------------

                         (clock ap_clk rise edge)     0.000     0.000 r  
                                                      0.000     0.000 r  ap_clk (IN)
                         net (fo=15679, unset)        0.039     0.039    layer8_out_U/U_clean_target_fifo_w204_d52_A_ram/mem_reg_0_63_63_69/WCLK
    SLICE_X20Y123        RAMD64E                                      r  layer8_out_U/U_clean_target_fifo_w204_d52_A_ram/mem_reg_0_63_63_69/RAMG/CLK
                         clock pessimism              0.000     0.039    
    SLICE_X20Y123        RAMD64E (Hold_G6LUT_SLICEM_CLK_I)
                                                      0.055     0.094    layer8_out_U/U_clean_target_fifo_w204_d52_A_ram/mem_reg_0_63_63_69/RAMG
  -------------------------------------------------------------------
                         required time                         -0.094    
                         arrival time                           0.130    
  -------------------------------------------------------------------
                         slack                                  0.036    





Pulse Width Checks
--------------------------------------------------------------------------------------
Clock Name:         ap_clk
Waveform(ns):       { 0.000 2.500 }
Period(ns):         5.000
Sources:            { ap_clk }

Check Type        Corner  Lib Pin             Reference Pin  Required(ns)  Actual(ns)  Slack(ns)  Location      Pin
Min Period        n/a     RAMB36E2/CLKARDCLK  n/a            1.569         5.000       3.431      RAMB36_X2Y13  layer3_out_U/U_clean_target_fifo_w192_d336_A_ram/mem_reg_0/CLKARDCLK
Low Pulse Width   Slow    RAMB36E2/CLKARDCLK  n/a            0.542         2.500       1.958      RAMB36_X2Y13  layer3_out_U/U_clean_target_fifo_w192_d336_A_ram/mem_reg_0/CLKARDCLK
High Pulse Width  Slow    RAMB36E2/CLKARDCLK  n/a            0.542         2.500       1.958      RAMB36_X2Y13  layer3_out_U/U_clean_target_fifo_w192_d336_A_ram/mem_reg_0/CLKARDCLK



