Copyright 1986-2022 Xilinx, Inc. All Rights Reserved. Copyright 2022-2023 Advanced Micro Devices, Inc. All Rights Reserved.
--------------------------------------------------------------------------------------------------------------------------------------------------
| Tool Version      : Vivado v.2023.2 (lin64) Build 4029153 Fri Oct 13 20:13:54 MDT 2023
| Date              : Wed Sep 16 11:35:01 2026
| Host              : AlbertsUbuntu running 64-bit Ubuntu 22.04.5 LTS
| Command           : report_timing_summary -file timing.rpt
| Design            : reuse2_f12
| Device            : xcku5p-ffvb676
| Speed File        : -2  PRODUCTION 1.29 05-01-2022
| Design State      : Routed
| Temperature Grade : E
--------------------------------------------------------------------------------------------------------------------------------------------------

Timing Summary Report

------------------------------------------------------------------------------------------------
| Timer Settings
| --------------
------------------------------------------------------------------------------------------------

  Enable Multi Corner Analysis               :  Yes
  Enable Pessimism Removal                   :  Yes
  Pessimism Removal Resolution               :  Nearest Common Node
  Enable Input Delay Default Clock           :  No
  Enable Preset / Clear Arcs                 :  No
  Disable Flight Delays                      :  No
  Ignore I/O Paths                           :  No
  Timing Early Launch at Borrowing Latches   :  No
  Borrow Time for Max Delay Exceptions       :  Yes
  Merge Timing Exceptions                    :  Yes
  Inter-SLR Compensation                     :  Conservative

  Corner  Analyze    Analyze    
  Name    Max Paths  Min Paths  
  ------  ---------  ---------  
  Slow    Yes        Yes        
  Fast    Yes        Yes        


------------------------------------------------------------------------------------------------
| Report Methodology
| ------------------
------------------------------------------------------------------------------------------------

No report available as report_methodology has not been run prior. Run report_methodology on the current design for the summary of methodology violations.



check_timing report

Table of Contents
-----------------
1. checking no_clock (0)
2. checking constant_clock (0)
3. checking pulse_width_clock (0)
4. checking unconstrained_internal_endpoints (0)
5. checking no_input_delay (324)
6. checking no_output_delay (26)
7. checking multiple_clock (0)
8. checking generated_clocks (0)
9. checking loops (0)
10. checking partial_input_delay (0)
11. checking partial_output_delay (0)
12. checking latch_loops (0)

1. checking no_clock (0)
------------------------
 There are 0 register/latch pins with no clock.


2. checking constant_clock (0)
------------------------------
 There are 0 register/latch pins with constant_clock.


3. checking pulse_width_clock (0)
---------------------------------
 There are 0 register/latch pins which need pulse_width check


4. checking unconstrained_internal_endpoints (0)
------------------------------------------------
 There are 0 pins that are not constrained for maximum delay.

 There are 0 pins that are not constrained for maximum delay due to constant clock.


5. checking no_input_delay (324)
--------------------------------
 There are 324 input ports with no input delay specified. (HIGH)

 There are 0 input ports with no input delay but user has a false path constraint.


6. checking no_output_delay (26)
--------------------------------
 There are 26 ports with no output delay specified. (HIGH)

 There are 0 ports with no output delay but user has a false path constraint

 There are 0 ports with no output delay but with a timing clock defined on it or propagating through it


7. checking multiple_clock (0)
------------------------------
 There are 0 register/latch pins with multiple clocks.


8. checking generated_clocks (0)
--------------------------------
 There are 0 generated clocks that are not connected to a clock source.


9. checking loops (0)
---------------------
 There are 0 combinational loops in the design.


10. checking partial_input_delay (0)
------------------------------------
 There are 0 input ports with partial input delay specified.


11. checking partial_output_delay (0)
-------------------------------------
 There are 0 ports with partial output delay specified.


12. checking latch_loops (0)
----------------------------
 There are 0 combinational latch loops in the design through latch input



------------------------------------------------------------------------------------------------
| Design Timing Summary
| ---------------------
------------------------------------------------------------------------------------------------

    WNS(ns)      TNS(ns)  TNS Failing Endpoints  TNS Total Endpoints      WHS(ns)      THS(ns)  THS Failing Endpoints  THS Total Endpoints     WPWS(ns)     TPWS(ns)  TPWS Failing Endpoints  TPWS Total Endpoints  
    -------      -------  ---------------------  -------------------      -------      -------  ---------------------  -------------------     --------     --------  ----------------------  --------------------  
      0.526        0.000                      0                54779        0.007        0.000                      0                54779        1.968        0.000                       0                 22407  


All user specified timing constraints are met.


------------------------------------------------------------------------------------------------
| Clock Summary
| -------------
------------------------------------------------------------------------------------------------

Clock   Waveform(ns)         Period(ns)      Frequency(MHz)
-----   ------------         ----------      --------------
ap_clk  {0.000 2.500}        5.000           200.000         


------------------------------------------------------------------------------------------------
| Intra Clock Table
| -----------------
------------------------------------------------------------------------------------------------

Clock             WNS(ns)      TNS(ns)  TNS Failing Endpoints  TNS Total Endpoints      WHS(ns)      THS(ns)  THS Failing Endpoints  THS Total Endpoints     WPWS(ns)     TPWS(ns)  TPWS Failing Endpoints  TPWS Total Endpoints  
-----             -------      -------  ---------------------  -------------------      -------      -------  ---------------------  -------------------     --------     --------  ----------------------  --------------------  
ap_clk              0.526        0.000                      0                54779        0.007        0.000                      0                54779        1.968        0.000                       0                 22407  


------------------------------------------------------------------------------------------------
| Inter Clock Table
| -----------------
------------------------------------------------------------------------------------------------

From Clock    To Clock          WNS(ns)      TNS(ns)  TNS Failing Endpoints  TNS Total Endpoints      WHS(ns)      THS(ns)  THS Failing Endpoints  THS Total Endpoints  
----------    --------          -------      -------  ---------------------  -------------------      -------      -------  ---------------------  -------------------  


------------------------------------------------------------------------------------------------
| Other Path Groups Table
| -----------------------
------------------------------------------------------------------------------------------------

Path Group    From Clock    To Clock          WNS(ns)      TNS(ns)  TNS Failing Endpoints  TNS Total Endpoints      WHS(ns)      THS(ns)  THS Failing Endpoints  THS Total Endpoints  
----------    ----------    --------          -------      -------  ---------------------  -------------------      -------      -------  ---------------------  -------------------  


------------------------------------------------------------------------------------------------
| Timing Details
| --------------
------------------------------------------------------------------------------------------------


---------------------------------------------------------------------------------------------------
From Clock:  ap_clk
  To Clock:  ap_clk

Setup :            0  Failing Endpoints,  Worst Slack        0.526ns,  Total Violation        0.000ns
Hold  :            0  Failing Endpoints,  Worst Slack        0.007ns,  Total Violation        0.000ns
PW    :            0  Failing Endpoints,  Worst Slack        1.968ns,  Total Violation        0.000ns
---------------------------------------------------------------------------------------------------


Max Delay Paths
--------------------------------------------------------------------------------------
Slack (MET) :             0.526ns  (required time - arrival time)
  Source:                 shared_conv_array_array_ap_fixed_48u_config7_4u_ravel_matrix_conv2d_1_2u_U0/ap_enable_reg_pp0_iter1_reg/C
                            (rising edge-triggered cell FDRE clocked by ap_clk  {rise@0.000ns fall@2.500ns period=5.000ns})
  Destination:            shared_conv_array_array_ap_fixed_48u_config7_4u_ravel_matrix_conv2d_1_2u_U0/x32_raw_1_reg_25346_reg[3]/CE
                            (rising edge-triggered cell FDRE clocked by ap_clk  {rise@0.000ns fall@2.500ns period=5.000ns})
  Path Group:             ap_clk
  Path Type:              Setup (Max at Slow Process Corner)
  Requirement:            5.000ns  (ap_clk rise@5.000ns - ap_clk rise@0.000ns)
  Data Path Delay:        4.369ns  (logic 0.255ns (5.836%)  route 4.114ns (94.164%))
  Logic Levels:           2  (BUFGCE=1 LUT6=1)
  Clock Path Skew:        -0.009ns (DCD - SCD + CPR)
    Destination Clock Delay (DCD):    0.020ns = ( 5.020 - 5.000 ) 
    Source Clock Delay      (SCD):    0.029ns
    Clock Pessimism Removal (CPR):    0.000ns
  Clock Uncertainty:      0.035ns  ((TSJ^2 + TIJ^2)^1/2 + DJ) / 2 + PE
    Total System Jitter     (TSJ):    0.071ns
    Total Input Jitter      (TIJ):    0.000ns
    Discrete Jitter          (DJ):    0.000ns
    Phase Error              (PE):    0.000ns

    Location             Delay type                Incr(ns)  Path(ns)    Netlist Resource(s)
  -------------------------------------------------------------------    -------------------
                         (clock ap_clk rise edge)     0.000     0.000 r  
                                                      0.000     0.000 r  ap_clk (IN)
                         net (fo=22701, unset)        0.029     0.029    shared_conv_array_array_ap_fixed_48u_config7_4u_ravel_matrix_conv2d_1_2u_U0/ap_clk
    SLICE_X85Y182        FDRE                                         r  shared_conv_array_array_ap_fixed_48u_config7_4u_ravel_matrix_conv2d_1_2u_U0/ap_enable_reg_pp0_iter1_reg/C
  -------------------------------------------------------------------    -------------------
    SLICE_X85Y182        FDRE (Prop_HFF_SLICEL_C_Q)
                                                      0.079     0.108 f  shared_conv_array_array_ap_fixed_48u_config7_4u_ravel_matrix_conv2d_1_2u_U0/ap_enable_reg_pp0_iter1_reg/Q
                         net (fo=5, routed)           0.318     0.426    shared_conv_array_array_ap_fixed_48u_config7_4u_ravel_matrix_conv2d_1_2u_U0/flow_control_loop_pipe_U/ap_enable_reg_pp0_iter1
    SLICE_X84Y163        LUT6 (Prop_F6LUT_SLICEL_I1_O)
                                                      0.148     0.574 r  shared_conv_array_array_ap_fixed_48u_config7_4u_ravel_matrix_conv2d_1_2u_U0/flow_control_loop_pipe_U/icmp_ln9_reg_24343_pp0_iter1_reg[0]_i_2/O
                         net (fo=2660, routed)        2.233     2.807    shared_conv_array_array_ap_fixed_48u_config7_4u_ravel_matrix_conv2d_1_2u_U0/flow_control_loop_pipe_U/icmp_ln1151_reg_24335_reg[0]_bufg_place
    BUFGCE_X0Y74         BUFGCE (Prop_BUFCE_BUFGCE_I_O)
                                                      0.028     2.835 r  shared_conv_array_array_ap_fixed_48u_config7_4u_ravel_matrix_conv2d_1_2u_U0/flow_control_loop_pipe_U/icmp_ln9_reg_24343_pp0_iter1_reg[0]_i_2_bufg_place/O
                         net (fo=3527, routed)        1.563     4.398    shared_conv_array_array_ap_fixed_48u_config7_4u_ravel_matrix_conv2d_1_2u_U0/icmp_ln9_reg_24343_pp0_iter1_reg[0]_i_1_n_3
    SLICE_X69Y118        FDRE                                         r  shared_conv_array_array_ap_fixed_48u_config7_4u_ravel_matrix_conv2d_1_2u_U0/x32_raw_1_reg_25346_reg[3]/CE
  -------------------------------------------------------------------    -------------------

                         (clock ap_clk rise edge)     5.000     5.000 r  
                                                      0.000     5.000 r  ap_clk (IN)
                         net (fo=22701, unset)        0.020     5.020    shared_conv_array_array_ap_fixed_48u_config7_4u_ravel_matrix_conv2d_1_2u_U0/ap_clk
    SLICE_X69Y118        FDRE                                         r  shared_conv_array_array_ap_fixed_48u_config7_4u_ravel_matrix_conv2d_1_2u_U0/x32_raw_1_reg_25346_reg[3]/C
                         clock pessimism              0.000     5.020    
                         clock uncertainty           -0.035     4.985    
    SLICE_X69Y118        FDRE (Setup_DFF_SLICEL_C_CE)
                                                     -0.060     4.925    shared_conv_array_array_ap_fixed_48u_config7_4u_ravel_matrix_conv2d_1_2u_U0/x32_raw_1_reg_25346_reg[3]
  -------------------------------------------------------------------
                         required time                          4.925    
                         arrival time                          -4.398    
  -------------------------------------------------------------------
                         slack                                  0.526    





Min Delay Paths
--------------------------------------------------------------------------------------
Slack (MET) :             0.007ns  (arrival time - required time)
  Source:                 relu_array_ap_fixed_48u_array_ap_ufixed_17_8_5_3_0_48u_relu_config8_U0/select_ln51_63_reg_4531_reg[6]/C
                            (rising edge-triggered cell FDRE clocked by ap_clk  {rise@0.000ns fall@2.500ns period=5.000ns})
  Destination:            layer8_out_U/U_reuse2_f12_fifo_w816_d4_A_ram/mem_reg_0_3_546_559/RAMG/I
                            (rising edge-triggered cell RAMD32 clocked by ap_clk  {rise@0.000ns fall@2.500ns period=5.000ns})
  Path Group:             ap_clk
  Path Type:              Hold (Min at Slow Process Corner)
  Requirement:            0.000ns  (ap_clk rise@0.000ns - ap_clk rise@0.000ns)
  Data Path Delay:        0.121ns  (logic 0.057ns (47.107%)  route 0.064ns (52.893%))
  Logic Levels:           0  
  Clock Path Skew:        0.036ns (DCD - SCD - CPR)
    Destination Clock Delay (DCD):    0.057ns
    Source Clock Delay      (SCD):    0.021ns
    Clock Pessimism Removal (CPR):    -0.000ns

    Location             Delay type                Incr(ns)  Path(ns)    Netlist Resource(s)
  -------------------------------------------------------------------    -------------------
                         (clock ap_clk rise edge)     0.000     0.000 r  
                                                      0.000     0.000 r  ap_clk (IN)
                         net (fo=22701, unset)        0.021     0.021    relu_array_ap_fixed_48u_array_ap_ufixed_17_8_5_3_0_48u_relu_config8_U0/ap_clk
    SLICE_X98Y135        FDRE                                         r  relu_array_ap_fixed_48u_array_ap_ufixed_17_8_5_3_0_48u_relu_config8_U0/select_ln51_63_reg_4531_reg[6]/C
  -------------------------------------------------------------------    -------------------
    SLICE_X98Y135        FDRE (Prop_FFF_SLICEM_C_Q)
                                                      0.057     0.078 r  relu_array_ap_fixed_48u_array_ap_ufixed_17_8_5_3_0_48u_relu_config8_U0/select_ln51_63_reg_4531_reg[6]/Q
                         net (fo=1, routed)           0.064     0.142    layer8_out_U/U_reuse2_f12_fifo_w816_d4_A_ram/mem_reg_0_3_546_559/DIG0
    SLICE_X98Y136        RAMD32                                       r  layer8_out_U/U_reuse2_f12_fifo_w816_d4_A_ram/mem_reg_0_3_546_559/RAMG/I
  -------------------------------------------------------------------    -------------------

                         (clock ap_clk rise edge)     0.000     0.000 r  
                                                      0.000     0.000 r  ap_clk (IN)
                         net (fo=22701, unset)        0.057     0.057    layer8_out_U/U_reuse2_f12_fifo_w816_d4_A_ram/mem_reg_0_3_546_559/WCLK
    SLICE_X98Y136        RAMD32                                       r  layer8_out_U/U_reuse2_f12_fifo_w816_d4_A_ram/mem_reg_0_3_546_559/RAMG/CLK
                         clock pessimism              0.000     0.057    
    SLICE_X98Y136        RAMD32 (Hold_G5LUT_SLICEM_CLK_I)
                                                      0.078     0.135    layer8_out_U/U_reuse2_f12_fifo_w816_d4_A_ram/mem_reg_0_3_546_559/RAMG
  -------------------------------------------------------------------
                         required time                         -0.135    
                         arrival time                           0.142    
  -------------------------------------------------------------------
                         slack                                  0.007    





Pulse Width Checks
--------------------------------------------------------------------------------------
Clock Name:         ap_clk
Waveform(ns):       { 0.000 2.500 }
Period(ns):         5.000
Sources:            { ap_clk }

Check Type        Corner  Lib Pin     Reference Pin  Required(ns)  Actual(ns)  Slack(ns)  Location      Pin
Min Period        n/a     RAMD32/CLK  n/a            1.064         5.000       3.936      SLICE_X92Y71  layer5_out_x4_U/U_reuse2_f12_fifo_w480_d4_A_ram/mem_reg_0_3_0_13/RAMA/CLK
Low Pulse Width   Slow    RAMD32/CLK  n/a            0.532         2.500       1.968      SLICE_X92Y71  layer5_out_x4_U/U_reuse2_f12_fifo_w480_d4_A_ram/mem_reg_0_3_0_13/RAMA/CLK
High Pulse Width  Slow    RAMD32/CLK  n/a            0.532         2.500       1.968      SLICE_X92Y71  layer5_out_x4_U/U_reuse2_f12_fifo_w480_d4_A_ram/mem_reg_0_3_0_13/RAMA/CLK



