Copyright 1986-2022 Xilinx, Inc. All Rights Reserved. Copyright 2022-2023 Advanced Micro Devices, Inc. All Rights Reserved.
--------------------------------------------------------------------------------------------------------------------------------------------------
| Tool Version      : Vivado v.2023.2 (lin64) Build 4029153 Fri Oct 13 20:13:54 MDT 2023
| Date              : Wed Sep 16 11:42:27 2026
| Host              : AlbertsUbuntu running 64-bit Ubuntu 22.04.5 LTS
| Command           : report_timing_summary -file timing.rpt
| Design            : selected_f12
| Device            : xcku5p-ffvb676
| Speed File        : -2  PRODUCTION 1.29 05-01-2022
| Design State      : Routed
| Temperature Grade : E
--------------------------------------------------------------------------------------------------------------------------------------------------

Timing Summary Report

------------------------------------------------------------------------------------------------
| Timer Settings
| --------------
------------------------------------------------------------------------------------------------

  Enable Multi Corner Analysis               :  Yes
  Enable Pessimism Removal                   :  Yes
  Pessimism Removal Resolution               :  Nearest Common Node
  Enable Input Delay Default Clock           :  No
  Enable Preset / Clear Arcs                 :  No
  Disable Flight Delays                      :  No
  Ignore I/O Paths                           :  No
  Timing Early Launch at Borrowing Latches   :  No
  Borrow Time for Max Delay Exceptions       :  Yes
  Merge Timing Exceptions                    :  Yes
  Inter-SLR Compensation                     :  Conservative

  Corner  Analyze    Analyze    
  Name    Max Paths  Min Paths  
  ------  ---------  ---------  
  Slow    Yes        Yes        
  Fast    Yes        Yes        


------------------------------------------------------------------------------------------------
| Report Methodology
| ------------------
------------------------------------------------------------------------------------------------

No report available as report_methodology has not been run prior. Run report_methodology on the current design for the summary of methodology violations.



check_timing report

Table of Contents
-----------------
1. checking no_clock (0)
2. checking constant_clock (0)
3. checking pulse_width_clock (0)
4. checking unconstrained_internal_endpoints (0)
5. checking no_input_delay (324)
6. checking no_output_delay (26)
7. checking multiple_clock (0)
8. checking generated_clocks (0)
9. checking loops (0)
10. checking partial_input_delay (0)
11. checking partial_output_delay (0)
12. checking latch_loops (0)

1. checking no_clock (0)
------------------------
 There are 0 register/latch pins with no clock.


2. checking constant_clock (0)
------------------------------
 There are 0 register/latch pins with constant_clock.


3. checking pulse_width_clock (0)
---------------------------------
 There are 0 register/latch pins which need pulse_width check


4. checking unconstrained_internal_endpoints (0)
------------------------------------------------
 There are 0 pins that are not constrained for maximum delay.

 There are 0 pins that are not constrained for maximum delay due to constant clock.


5. checking no_input_delay (324)
--------------------------------
 There are 324 input ports with no input delay specified. (HIGH)

 There are 0 input ports with no input delay but user has a false path constraint.


6. checking no_output_delay (26)
--------------------------------
 There are 26 ports with no output delay specified. (HIGH)

 There are 0 ports with no output delay but user has a false path constraint

 There are 0 ports with no output delay but with a timing clock defined on it or propagating through it


7. checking multiple_clock (0)
------------------------------
 There are 0 register/latch pins with multiple clocks.


8. checking generated_clocks (0)
--------------------------------
 There are 0 generated clocks that are not connected to a clock source.


9. checking loops (0)
---------------------
 There are 0 combinational loops in the design.


10. checking partial_input_delay (0)
------------------------------------
 There are 0 input ports with partial input delay specified.


11. checking partial_output_delay (0)
-------------------------------------
 There are 0 ports with partial output delay specified.


12. checking latch_loops (0)
----------------------------
 There are 0 combinational latch loops in the design through latch input



------------------------------------------------------------------------------------------------
| Design Timing Summary
| ---------------------
------------------------------------------------------------------------------------------------

    WNS(ns)      TNS(ns)  TNS Failing Endpoints  TNS Total Endpoints      WHS(ns)      THS(ns)  THS Failing Endpoints  THS Total Endpoints     WPWS(ns)     TPWS(ns)  TPWS Failing Endpoints  TPWS Total Endpoints  
    -------      -------  ---------------------  -------------------      -------      -------  ---------------------  -------------------     --------     --------  ----------------------  --------------------  
      0.432        0.000                      0                68836        0.007        0.000                      0                68836        1.968        0.000                       0                 29434  


All user specified timing constraints are met.


------------------------------------------------------------------------------------------------
| Clock Summary
| -------------
------------------------------------------------------------------------------------------------

Clock   Waveform(ns)         Period(ns)      Frequency(MHz)
-----   ------------         ----------      --------------
ap_clk  {0.000 2.500}        5.000           200.000         


------------------------------------------------------------------------------------------------
| Intra Clock Table
| -----------------
------------------------------------------------------------------------------------------------

Clock             WNS(ns)      TNS(ns)  TNS Failing Endpoints  TNS Total Endpoints      WHS(ns)      THS(ns)  THS Failing Endpoints  THS Total Endpoints     WPWS(ns)     TPWS(ns)  TPWS Failing Endpoints  TPWS Total Endpoints  
-----             -------      -------  ---------------------  -------------------      -------      -------  ---------------------  -------------------     --------     --------  ----------------------  --------------------  
ap_clk              0.432        0.000                      0                68836        0.007        0.000                      0                68836        1.968        0.000                       0                 29434  


------------------------------------------------------------------------------------------------
| Inter Clock Table
| -----------------
------------------------------------------------------------------------------------------------

From Clock    To Clock          WNS(ns)      TNS(ns)  TNS Failing Endpoints  TNS Total Endpoints      WHS(ns)      THS(ns)  THS Failing Endpoints  THS Total Endpoints  
----------    --------          -------      -------  ---------------------  -------------------      -------      -------  ---------------------  -------------------  


------------------------------------------------------------------------------------------------
| Other Path Groups Table
| -----------------------
------------------------------------------------------------------------------------------------

Path Group    From Clock    To Clock          WNS(ns)      TNS(ns)  TNS Failing Endpoints  TNS Total Endpoints      WHS(ns)      THS(ns)  THS Failing Endpoints  THS Total Endpoints  
----------    ----------    --------          -------      -------  ---------------------  -------------------      -------      -------  ---------------------  -------------------  


------------------------------------------------------------------------------------------------
| Timing Details
| --------------
------------------------------------------------------------------------------------------------


---------------------------------------------------------------------------------------------------
From Clock:  ap_clk
  To Clock:  ap_clk

Setup :            0  Failing Endpoints,  Worst Slack        0.432ns,  Total Violation        0.000ns
Hold  :            0  Failing Endpoints,  Worst Slack        0.007ns,  Total Violation        0.000ns
PW    :            0  Failing Endpoints,  Worst Slack        1.968ns,  Total Violation        0.000ns
---------------------------------------------------------------------------------------------------


Max Delay Paths
--------------------------------------------------------------------------------------
Slack (MET) :             0.432ns  (required time - arrival time)
  Source:                 phara_pool_aligned_hybrid_p8_cl_array_array_array_array_config3_config5_U0/phara_x0_input_code_1_reg_16334_reg[5]/C
                            (rising edge-triggered cell FDRE clocked by ap_clk  {rise@0.000ns fall@2.500ns period=5.000ns})
  Destination:            phara_pool_aligned_hybrid_p8_cl_array_array_array_array_config3_config5_U0/first_activation_30_reg_17011_reg[10]/R
                            (rising edge-triggered cell FDRE clocked by ap_clk  {rise@0.000ns fall@2.500ns period=5.000ns})
  Path Group:             ap_clk
  Path Type:              Setup (Max at Slow Process Corner)
  Requirement:            5.000ns  (ap_clk rise@5.000ns - ap_clk rise@0.000ns)
  Data Path Delay:        4.451ns  (logic 0.919ns (20.645%)  route 3.532ns (79.355%))
  Logic Levels:           11  (CARRY8=4 LUT2=2 LUT3=2 LUT4=1 LUT5=1 LUT6=1)
  Clock Path Skew:        -0.007ns (DCD - SCD + CPR)
    Destination Clock Delay (DCD):    0.021ns = ( 5.021 - 5.000 ) 
    Source Clock Delay      (SCD):    0.028ns
    Clock Pessimism Removal (CPR):    0.000ns
  Clock Uncertainty:      0.035ns  ((TSJ^2 + TIJ^2)^1/2 + DJ) / 2 + PE
    Total System Jitter     (TSJ):    0.071ns
    Total Input Jitter      (TIJ):    0.000ns
    Discrete Jitter          (DJ):    0.000ns
    Phase Error              (PE):    0.000ns

    Location             Delay type                Incr(ns)  Path(ns)    Netlist Resource(s)
  -------------------------------------------------------------------    -------------------
                         (clock ap_clk rise edge)     0.000     0.000 r  
                                                      0.000     0.000 r  ap_clk (IN)
                         net (fo=29728, unset)        0.028     0.028    phara_pool_aligned_hybrid_p8_cl_array_array_array_array_config3_config5_U0/ap_clk
    SLICE_X39Y83         FDRE                                         r  phara_pool_aligned_hybrid_p8_cl_array_array_array_array_config3_config5_U0/phara_x0_input_code_1_reg_16334_reg[5]/C
  -------------------------------------------------------------------    -------------------
    SLICE_X39Y83         FDRE (Prop_BFF_SLICEL_C_Q)
                                                      0.079     0.107 r  phara_pool_aligned_hybrid_p8_cl_array_array_array_array_config3_config5_U0/phara_x0_input_code_1_reg_16334_reg[5]/Q
                         net (fo=42, routed)          0.635     0.742    phara_pool_aligned_hybrid_p8_cl_array_array_array_array_config3_config5_U0/sext_ln378_8_fu_5128_p1[7]
    SLICE_X33Y102        LUT6 (Prop_G6LUT_SLICEL_I0_O)
                                                      0.035     0.777 f  phara_pool_aligned_hybrid_p8_cl_array_array_array_array_config3_config5_U0/first_activation_30_reg_17011[12]_i_58/O
                         net (fo=4, routed)           0.204     0.981    phara_pool_aligned_hybrid_p8_cl_array_array_array_array_config3_config5_U0/first_activation_30_reg_17011[12]_i_58_n_3
    SLICE_X32Y102        LUT2 (Prop_E5LUT_SLICEM_I1_O)
                                                      0.070     1.051 r  phara_pool_aligned_hybrid_p8_cl_array_array_array_array_config3_config5_U0/first_activation_30_reg_17011[12]_i_41/O
                         net (fo=2, routed)           0.193     1.243    phara_pool_aligned_hybrid_p8_cl_array_array_array_array_config3_config5_U0/first_activation_30_reg_17011[12]_i_41_n_3
    SLICE_X32Y102        LUT5 (Prop_F6LUT_SLICEM_I4_O)
                                                      0.051     1.294 r  phara_pool_aligned_hybrid_p8_cl_array_array_array_array_config3_config5_U0/first_activation_30_reg_17011[12]_i_48/O
                         net (fo=1, routed)           0.022     1.316    phara_pool_aligned_hybrid_p8_cl_array_array_array_array_config3_config5_U0/first_activation_30_reg_17011[12]_i_48_n_3
    SLICE_X32Y102        CARRY8 (Prop_CARRY8_SLICEM_S[5]_O[5])
                                                      0.058     1.374 r  phara_pool_aligned_hybrid_p8_cl_array_array_array_array_config3_config5_U0/first_activation_30_reg_17011_reg[12]_i_29/O[5]
                         net (fo=2, routed)           0.206     1.580    phara_pool_aligned_hybrid_p8_cl_array_array_array_array_config3_config5_U0/phara_y0_5f_f8_5f_tree0_5f_2_1_fu_6089_p2[7]
    SLICE_X32Y100        LUT3 (Prop_G5LUT_SLICEM_I1_O)
                                                      0.137     1.717 r  phara_pool_aligned_hybrid_p8_cl_array_array_array_array_config3_config5_U0/first_activation_30_reg_17011[8]_i_2/O
                         net (fo=2, routed)           0.261     1.978    phara_pool_aligned_hybrid_p8_cl_array_array_array_array_config3_config5_U0/first_activation_30_reg_17011[8]_i_2_n_3
    SLICE_X32Y100        LUT4 (Prop_H6LUT_SLICEM_I3_O)
                                                      0.090     2.068 r  phara_pool_aligned_hybrid_p8_cl_array_array_array_array_config3_config5_U0/first_activation_30_reg_17011[8]_i_9/O
                         net (fo=1, routed)           0.015     2.083    phara_pool_aligned_hybrid_p8_cl_array_array_array_array_config3_config5_U0/first_activation_30_reg_17011[8]_i_9_n_3
    SLICE_X32Y100        CARRY8 (Prop_CARRY8_SLICEM_S[7]_CO[7])
                                                      0.117     2.200 r  phara_pool_aligned_hybrid_p8_cl_array_array_array_array_config3_config5_U0/first_activation_30_reg_17011_reg[8]_i_1/CO[7]
                         net (fo=1, routed)           0.026     2.226    phara_pool_aligned_hybrid_p8_cl_array_array_array_array_config3_config5_U0/first_activation_30_reg_17011_reg[8]_i_1_n_3
    SLICE_X32Y101        CARRY8 (Prop_CARRY8_SLICEM_CI_O[2])
                                                      0.067     2.293 f  phara_pool_aligned_hybrid_p8_cl_array_array_array_array_config3_config5_U0/first_activation_30_reg_17011_reg[12]_i_2/O[2]
                         net (fo=3, routed)           0.387     2.680    phara_pool_aligned_hybrid_p8_cl_array_array_array_array_config3_config5_U0/trunc_ln687_8_fu_6759_p1[11]
    SLICE_X35Y101        LUT2 (Prop_F6LUT_SLICEM_I1_O)
                                                      0.051     2.731 r  phara_pool_aligned_hybrid_p8_cl_array_array_array_array_config3_config5_U0/first_activation_30_reg_17011[12]_i_21/O
                         net (fo=1, routed)           0.022     2.753    phara_pool_aligned_hybrid_p8_cl_array_array_array_array_config3_config5_U0/first_activation_30_reg_17011[12]_i_21_n_3
    SLICE_X35Y101        CARRY8 (Prop_CARRY8_SLICEM_S[5]_CO[6])
                                                      0.113     2.866 f  phara_pool_aligned_hybrid_p8_cl_array_array_array_array_config3_config5_U0/first_activation_30_reg_17011_reg[12]_i_3/CO[6]
                         net (fo=1, routed)           0.700     3.566    phara_pool_aligned_hybrid_p8_cl_array_array_array_array_config3_config5_U0/regslice_both_waveform_U/first_activation_30_reg_17011_reg[0][0]
    SLICE_X50Y76         LUT3 (Prop_C6LUT_SLICEM_I2_O)
                                                      0.051     3.617 r  phara_pool_aligned_hybrid_p8_cl_array_array_array_array_config3_config5_U0/regslice_both_waveform_U/first_activation_30_reg_17011[12]_i_1/O
                         net (fo=13, routed)          0.862     4.479    phara_pool_aligned_hybrid_p8_cl_array_array_array_array_config3_config5_U0/regslice_both_waveform_U_n_20
    SLICE_X35Y101        FDRE                                         r  phara_pool_aligned_hybrid_p8_cl_array_array_array_array_config3_config5_U0/first_activation_30_reg_17011_reg[10]/R
  -------------------------------------------------------------------    -------------------

                         (clock ap_clk rise edge)     5.000     5.000 r  
                                                      0.000     5.000 r  ap_clk (IN)
                         net (fo=29728, unset)        0.021     5.021    phara_pool_aligned_hybrid_p8_cl_array_array_array_array_config3_config5_U0/ap_clk
    SLICE_X35Y101        FDRE                                         r  phara_pool_aligned_hybrid_p8_cl_array_array_array_array_config3_config5_U0/first_activation_30_reg_17011_reg[10]/C
                         clock pessimism              0.000     5.021    
                         clock uncertainty           -0.035     4.986    
    SLICE_X35Y101        FDRE (Setup_EFF_SLICEM_C_R)
                                                     -0.074     4.912    phara_pool_aligned_hybrid_p8_cl_array_array_array_array_config3_config5_U0/first_activation_30_reg_17011_reg[10]
  -------------------------------------------------------------------
                         required time                          4.912    
                         arrival time                          -4.479    
  -------------------------------------------------------------------
                         slack                                  0.432    





Min Delay Paths
--------------------------------------------------------------------------------------
Slack (MET) :             0.007ns  (arrival time - required time)
  Source:                 relu_array_ap_fixed_48u_array_ap_ufixed_17_8_5_3_0_48u_relu_config8_U0/select_ln51_94_reg_4686_reg[1]/C
                            (rising edge-triggered cell FDRE clocked by ap_clk  {rise@0.000ns fall@2.500ns period=5.000ns})
  Destination:            layer8_out_U/U_selected_f12_fifo_w816_d4_A_ram/mem_reg_0_3_14_27/RAMG/I
                            (rising edge-triggered cell RAMD32 clocked by ap_clk  {rise@0.000ns fall@2.500ns period=5.000ns})
  Path Group:             ap_clk
  Path Type:              Hold (Min at Slow Process Corner)
  Requirement:            0.000ns  (ap_clk rise@0.000ns - ap_clk rise@0.000ns)
  Data Path Delay:        0.122ns  (logic 0.060ns (49.180%)  route 0.062ns (50.820%))
  Logic Levels:           0  
  Clock Path Skew:        0.037ns (DCD - SCD - CPR)
    Destination Clock Delay (DCD):    0.057ns
    Source Clock Delay      (SCD):    0.020ns
    Clock Pessimism Removal (CPR):    -0.000ns

    Location             Delay type                Incr(ns)  Path(ns)    Netlist Resource(s)
  -------------------------------------------------------------------    -------------------
                         (clock ap_clk rise edge)     0.000     0.000 r  
                                                      0.000     0.000 r  ap_clk (IN)
                         net (fo=29728, unset)        0.020     0.020    relu_array_ap_fixed_48u_array_ap_ufixed_17_8_5_3_0_48u_relu_config8_U0/ap_clk
    SLICE_X36Y67         FDRE                                         r  relu_array_ap_fixed_48u_array_ap_ufixed_17_8_5_3_0_48u_relu_config8_U0/select_ln51_94_reg_4686_reg[1]/C
  -------------------------------------------------------------------    -------------------
    SLICE_X36Y67         FDRE (Prop_AFF2_SLICEL_C_Q)
                                                      0.060     0.080 r  relu_array_ap_fixed_48u_array_ap_ufixed_17_8_5_3_0_48u_relu_config8_U0/select_ln51_94_reg_4686_reg[1]/Q
                         net (fo=1, routed)           0.062     0.142    layer8_out_U/U_selected_f12_fifo_w816_d4_A_ram/mem_reg_0_3_14_27/DIG0
    SLICE_X37Y67         RAMD32                                       r  layer8_out_U/U_selected_f12_fifo_w816_d4_A_ram/mem_reg_0_3_14_27/RAMG/I
  -------------------------------------------------------------------    -------------------

                         (clock ap_clk rise edge)     0.000     0.000 r  
                                                      0.000     0.000 r  ap_clk (IN)
                         net (fo=29728, unset)        0.057     0.057    layer8_out_U/U_selected_f12_fifo_w816_d4_A_ram/mem_reg_0_3_14_27/WCLK
    SLICE_X37Y67         RAMD32                                       r  layer8_out_U/U_selected_f12_fifo_w816_d4_A_ram/mem_reg_0_3_14_27/RAMG/CLK
                         clock pessimism              0.000     0.057    
    SLICE_X37Y67         RAMD32 (Hold_G5LUT_SLICEM_CLK_I)
                                                      0.078     0.135    layer8_out_U/U_selected_f12_fifo_w816_d4_A_ram/mem_reg_0_3_14_27/RAMG
  -------------------------------------------------------------------
                         required time                         -0.135    
                         arrival time                           0.142    
  -------------------------------------------------------------------
                         slack                                  0.007    





Pulse Width Checks
--------------------------------------------------------------------------------------
Clock Name:         ap_clk
Waveform(ns):       { 0.000 2.500 }
Period(ns):         5.000
Sources:            { ap_clk }

Check Type        Corner  Lib Pin     Reference Pin  Required(ns)  Actual(ns)  Slack(ns)  Location      Pin
Min Period        n/a     RAMD32/CLK  n/a            1.064         5.000       3.936      SLICE_X21Y32  layer5_out_x4_U/U_selected_f12_fifo_w480_d4_A_ram/mem_reg_0_3_0_13/RAMA/CLK
Low Pulse Width   Slow    RAMD32/CLK  n/a            0.532         2.500       1.968      SLICE_X21Y32  layer5_out_x4_U/U_selected_f12_fifo_w480_d4_A_ram/mem_reg_0_3_0_13/RAMA/CLK
High Pulse Width  Slow    RAMD32/CLK  n/a            0.532         2.500       1.968      SLICE_X21Y32  layer5_out_x4_U/U_selected_f12_fifo_w480_d4_A_ram/mem_reg_0_3_0_13/RAMA/CLK



