Copyright 1986-2022 Xilinx, Inc. All Rights Reserved. Copyright 2022-2023 Advanced Micro Devices, Inc. All Rights Reserved.
---------------------------------------------------------------------------------------------------------------------------------------------
| Tool Version : Vivado v.2023.2 (lin64) Build 4029153 Fri Oct 13 20:13:54 MDT 2023
| Date         : Wed Sep 16 11:51:53 2026
| Host         : AlbertsUbuntu running 64-bit Ubuntu 22.04.5 LTS
| Command      : report_utilization -hierarchical -file utilization_hierarchical.rpt
| Design       : final_f12
| Device       : xcku5p-ffvb676-2-e
| Speed File   : -2
| Design State : Routed
---------------------------------------------------------------------------------------------------------------------------------------------

Utilization Design Information

Table of Contents
-----------------
1. Utilization by Hierarchy

1. Utilization by Hierarchy
---------------------------

+-------------------------------------------------------------------------------------------+--------------------------------------------------------------------------------------------+------------+------------+---------+------+-------+--------+--------+------+------------+
|                                          Instance                                         |                                           Module                                           | Total LUTs | Logic LUTs | LUTRAMs | SRLs |  FFs  | RAMB36 | RAMB18 | URAM | DSP Blocks |
+-------------------------------------------------------------------------------------------+--------------------------------------------------------------------------------------------+------------+------------+---------+------+-------+--------+--------+------+------------+
| final_f12                                                                                 |                                                                                      (top) |      27974 |      26459 |    1512 |    3 | 19260 |      0 |      0 |    0 |         64 |
|   (final_f12)                                                                             |                                                                                      (top) |          0 |          0 |       0 |    0 |     0 |      0 |      0 |    0 |          0 |
|   dense_wide_stream_array_array_ap_fixed_21_12_5_3_0_1u_config12_U0                       |                 final_f12_dense_wide_stream_array_array_ap_fixed_21_12_5_3_0_1u_config12_s |        328 |        328 |       0 |    0 |   424 |      0 |      0 |    0 |         48 |
|     (dense_wide_stream_array_array_ap_fixed_21_12_5_3_0_1u_config12_U0)                   |                 final_f12_dense_wide_stream_array_array_ap_fixed_21_12_5_3_0_1u_config12_s |          0 |          0 |       0 |    0 |     5 |      0 |      0 |    0 |          0 |
|     grp_dense_wide_stream_array_array_ap_fixed_1u_config12_Pipeline_DenseValues_fu_41     |          final_f12_dense_wide_stream_array_array_ap_fixed_1u_config12_Pipeline_DenseValues |        311 |        311 |       0 |    0 |   373 |      0 |      0 |    0 |         48 |
|       (grp_dense_wide_stream_array_array_ap_fixed_1u_config12_Pipeline_DenseValues_fu_41) |          final_f12_dense_wide_stream_array_array_ap_fixed_1u_config12_Pipeline_DenseValues |        287 |        287 |       0 |    0 |   345 |      0 |      0 |    0 |         32 |
|       flow_control_loop_pipe_sequential_init_U                                            |                                           final_f12_flow_control_loop_pipe_sequential_init |         12 |         12 |       0 |    0 |     2 |      0 |      0 |    0 |          0 |
|       mac_muladd_10s_5s_15s_16_1_1_U111                                                   |                                                     final_f12_mac_muladd_10s_5s_15s_16_1_1 |          0 |          0 |       0 |    0 |     0 |      0 |      0 |    0 |          1 |
|         final_f12_mac_muladd_10s_5s_15s_16_1_1_DSP48_1_U                                  |                                             final_f12_mac_muladd_10s_5s_15s_16_1_1_DSP48_1 |          0 |          0 |       0 |    0 |     0 |      0 |      0 |    0 |          1 |
|       mac_muladd_10s_5s_16s_16_1_1_U100                                                   |                                                     final_f12_mac_muladd_10s_5s_16s_16_1_1 |          0 |          0 |       0 |    0 |     0 |      0 |      0 |    0 |          1 |
|         final_f12_mac_muladd_10s_5s_16s_16_1_1_DSP48_3_U                                  |                                          final_f12_mac_muladd_10s_5s_16s_16_1_1_DSP48_3_66 |          0 |          0 |       0 |    0 |     0 |      0 |      0 |    0 |          1 |
|       mac_muladd_10s_5s_16s_16_1_1_U101                                                   |                                                  final_f12_mac_muladd_10s_5s_16s_16_1_1_39 |          1 |          1 |       0 |    0 |     0 |      0 |      0 |    0 |          1 |
|         final_f12_mac_muladd_10s_5s_16s_16_1_1_DSP48_3_U                                  |                                          final_f12_mac_muladd_10s_5s_16s_16_1_1_DSP48_3_65 |          1 |          1 |       0 |    0 |     0 |      0 |      0 |    0 |          1 |
|       mac_muladd_10s_5s_16s_16_1_1_U102                                                   |                                                  final_f12_mac_muladd_10s_5s_16s_16_1_1_40 |          0 |          0 |       0 |    0 |     0 |      0 |      0 |    0 |          1 |
|         final_f12_mac_muladd_10s_5s_16s_16_1_1_DSP48_3_U                                  |                                          final_f12_mac_muladd_10s_5s_16s_16_1_1_DSP48_3_64 |          0 |          0 |       0 |    0 |     0 |      0 |      0 |    0 |          1 |
|       mac_muladd_10s_5s_16s_16_1_1_U103                                                   |                                                  final_f12_mac_muladd_10s_5s_16s_16_1_1_41 |          1 |          1 |       0 |    0 |     0 |      0 |      0 |    0 |          1 |
|         final_f12_mac_muladd_10s_5s_16s_16_1_1_DSP48_3_U                                  |                                          final_f12_mac_muladd_10s_5s_16s_16_1_1_DSP48_3_63 |          1 |          1 |       0 |    0 |     0 |      0 |      0 |    0 |          1 |
|       mac_muladd_10s_5s_16s_16_1_1_U104                                                   |                                                  final_f12_mac_muladd_10s_5s_16s_16_1_1_42 |          0 |          0 |       0 |    0 |     0 |      0 |      0 |    0 |          1 |
|         final_f12_mac_muladd_10s_5s_16s_16_1_1_DSP48_3_U                                  |                                          final_f12_mac_muladd_10s_5s_16s_16_1_1_DSP48_3_62 |          0 |          0 |       0 |    0 |     0 |      0 |      0 |    0 |          1 |
|       mac_muladd_10s_5s_16s_16_1_1_U105                                                   |                                                  final_f12_mac_muladd_10s_5s_16s_16_1_1_43 |          1 |          1 |       0 |    0 |     0 |      0 |      0 |    0 |          1 |
|         final_f12_mac_muladd_10s_5s_16s_16_1_1_DSP48_3_U                                  |                                          final_f12_mac_muladd_10s_5s_16s_16_1_1_DSP48_3_61 |          1 |          1 |       0 |    0 |     0 |      0 |      0 |    0 |          1 |
|       mac_muladd_10s_5s_16s_16_1_1_U106                                                   |                                                  final_f12_mac_muladd_10s_5s_16s_16_1_1_44 |          0 |          0 |       0 |    0 |     0 |      0 |      0 |    0 |          1 |
|         final_f12_mac_muladd_10s_5s_16s_16_1_1_DSP48_3_U                                  |                                          final_f12_mac_muladd_10s_5s_16s_16_1_1_DSP48_3_60 |          0 |          0 |       0 |    0 |     0 |      0 |      0 |    0 |          1 |
|       mac_muladd_10s_5s_16s_16_1_1_U107                                                   |                                                  final_f12_mac_muladd_10s_5s_16s_16_1_1_45 |          1 |          1 |       0 |    0 |     0 |      0 |      0 |    0 |          1 |
|         final_f12_mac_muladd_10s_5s_16s_16_1_1_DSP48_3_U                                  |                                          final_f12_mac_muladd_10s_5s_16s_16_1_1_DSP48_3_59 |          1 |          1 |       0 |    0 |     0 |      0 |      0 |    0 |          1 |
|       mac_muladd_10s_5s_16s_16_1_1_U108                                                   |                                                  final_f12_mac_muladd_10s_5s_16s_16_1_1_46 |          0 |          0 |       0 |    0 |     0 |      0 |      0 |    0 |          1 |
|         final_f12_mac_muladd_10s_5s_16s_16_1_1_DSP48_3_U                                  |                                          final_f12_mac_muladd_10s_5s_16s_16_1_1_DSP48_3_58 |          0 |          0 |       0 |    0 |     0 |      0 |      0 |    0 |          1 |
|       mac_muladd_10s_5s_16s_16_1_1_U109                                                   |                                                  final_f12_mac_muladd_10s_5s_16s_16_1_1_47 |          1 |          1 |       0 |    0 |     0 |      0 |      0 |    0 |          1 |
|         final_f12_mac_muladd_10s_5s_16s_16_1_1_DSP48_3_U                                  |                                          final_f12_mac_muladd_10s_5s_16s_16_1_1_DSP48_3_57 |          1 |          1 |       0 |    0 |     0 |      0 |      0 |    0 |          1 |
|       mac_muladd_10s_5s_16s_16_1_1_U110                                                   |                                                  final_f12_mac_muladd_10s_5s_16s_16_1_1_48 |          1 |          1 |       0 |    0 |     0 |      0 |      0 |    0 |          1 |
|         final_f12_mac_muladd_10s_5s_16s_16_1_1_DSP48_3_U                                  |                                          final_f12_mac_muladd_10s_5s_16s_16_1_1_DSP48_3_56 |          1 |          1 |       0 |    0 |     0 |      0 |      0 |    0 |          1 |
|       mac_muladd_10s_5s_16s_16_1_1_U96                                                    |                                                  final_f12_mac_muladd_10s_5s_16s_16_1_1_49 |          0 |          0 |       0 |    0 |     0 |      0 |      0 |    0 |          1 |
|         final_f12_mac_muladd_10s_5s_16s_16_1_1_DSP48_3_U                                  |                                          final_f12_mac_muladd_10s_5s_16s_16_1_1_DSP48_3_55 |          0 |          0 |       0 |    0 |     0 |      0 |      0 |    0 |          1 |
|       mac_muladd_10s_5s_16s_16_1_1_U97                                                    |                                                  final_f12_mac_muladd_10s_5s_16s_16_1_1_50 |          1 |          1 |       0 |    0 |     0 |      0 |      0 |    0 |          1 |
|         final_f12_mac_muladd_10s_5s_16s_16_1_1_DSP48_3_U                                  |                                          final_f12_mac_muladd_10s_5s_16s_16_1_1_DSP48_3_54 |          1 |          1 |       0 |    0 |     0 |      0 |      0 |    0 |          1 |
|       mac_muladd_10s_5s_16s_16_1_1_U98                                                    |                                                  final_f12_mac_muladd_10s_5s_16s_16_1_1_51 |          0 |          0 |       0 |    0 |     0 |      0 |      0 |    0 |          1 |
|         final_f12_mac_muladd_10s_5s_16s_16_1_1_DSP48_3_U                                  |                                          final_f12_mac_muladd_10s_5s_16s_16_1_1_DSP48_3_53 |          0 |          0 |       0 |    0 |     0 |      0 |      0 |    0 |          1 |
|       mac_muladd_10s_5s_16s_16_1_1_U99                                                    |                                                  final_f12_mac_muladd_10s_5s_16s_16_1_1_52 |          1 |          1 |       0 |    0 |     0 |      0 |      0 |    0 |          1 |
|         final_f12_mac_muladd_10s_5s_16s_16_1_1_DSP48_3_U                                  |                                             final_f12_mac_muladd_10s_5s_16s_16_1_1_DSP48_3 |          1 |          1 |       0 |    0 |     0 |      0 |      0 |    0 |          1 |
|       w12_ravel_packed_U                                                                  | final_f12_dense_wide_stream_array_array_ap_fixed_1u_config12_Pipeline_DenseValues_w12_rbkb |         13 |         13 |       0 |    0 |    26 |      0 |      0 |    0 |          0 |
|     regslice_both_layer12_out_U                                                           |                                                    final_f12_regslice_both__parameterized0 |         17 |         17 |       0 |    0 |    46 |      0 |      0 |    0 |          0 |
|   layer5_out_x4_U                                                                         |                                                                   final_f12_fifo_w480_d4_A |        286 |         14 |     272 |    0 |   472 |      0 |      0 |    0 |          0 |
|     (layer5_out_x4_U)                                                                     |                                                                   final_f12_fifo_w480_d4_A |         13 |         13 |       0 |    0 |    16 |      0 |      0 |    0 |          0 |
|     U_final_f12_fifo_w480_d4_A_ram                                                        |                                                            final_f12_fifo_w480_d4_A_ram_38 |        273 |          1 |     272 |    0 |   456 |      0 |      0 |    0 |          0 |
|   layer7_out_U                                                                            |                                                                   final_f12_fifo_w864_d4_A |        995 |        499 |     496 |    0 |   883 |      0 |      0 |    0 |          0 |
|     (layer7_out_U)                                                                        |                                                                   final_f12_fifo_w864_d4_A |         14 |         14 |       0 |    0 |    19 |      0 |      0 |    0 |          0 |
|     U_final_f12_fifo_w864_d4_A_ram                                                        |                                                               final_f12_fifo_w864_d4_A_ram |        981 |        485 |     496 |    0 |   864 |      0 |      0 |    0 |          0 |
|   layer8_out_U                                                                            |                                                                   final_f12_fifo_w816_d4_A |       1779 |       1311 |     468 |    0 |   835 |      0 |      0 |    0 |          0 |
|     (layer8_out_U)                                                                        |                                                                   final_f12_fifo_w816_d4_A |         14 |         14 |       0 |    0 |    19 |      0 |      0 |    0 |          0 |
|     U_final_f12_fifo_w816_d4_A_ram                                                        |                                                               final_f12_fifo_w816_d4_A_ram |       1765 |       1297 |     468 |    0 |   816 |      0 |      0 |    0 |          0 |
|   layer9_out_U                                                                            |                                                                 final_f12_fifo_w480_d4_A_0 |        289 |         13 |     276 |    0 |   337 |      0 |      0 |    0 |          0 |
|     (layer9_out_U)                                                                        |                                                                 final_f12_fifo_w480_d4_A_0 |         12 |         12 |       0 |    0 |    17 |      0 |      0 |    0 |          0 |
|     U_final_f12_fifo_w480_d4_A_ram                                                        |                                                               final_f12_fifo_w480_d4_A_ram |        277 |          1 |     276 |    0 |   320 |      0 |      0 |    0 |          0 |
|   phara_pool_aligned_hybrid_p8_cl_array_array_array_array_config3_config5_U0              |        final_f12_phara_pool_aligned_hybrid_p8_cl_array_array_array_array_config3_config5_s |       9343 |       9343 |       0 |    0 |  4668 |      0 |      0 |    0 |         16 |
|     (phara_pool_aligned_hybrid_p8_cl_array_array_array_array_config3_config5_U0)          |        final_f12_phara_pool_aligned_hybrid_p8_cl_array_array_array_array_config3_config5_s |       8256 |       8256 |       0 |    0 |  4022 |      0 |      0 |    0 |          8 |
|     mul_10s_5s_15_1_1_U33                                                                 |                                                                final_f12_mul_10s_5s_15_1_1 |         31 |         31 |       0 |    0 |     0 |      0 |      0 |    0 |          1 |
|     mul_10s_5s_15_1_1_U34                                                                 |                                                              final_f12_mul_10s_5s_15_1_1_3 |         29 |         29 |       0 |    0 |     0 |      0 |      0 |    0 |          1 |
|     mul_10s_5s_15_1_1_U35                                                                 |                                                              final_f12_mul_10s_5s_15_1_1_4 |         30 |         30 |       0 |    0 |     0 |      0 |      0 |    0 |          1 |
|     mul_10s_5s_15_1_1_U36                                                                 |                                                              final_f12_mul_10s_5s_15_1_1_5 |         31 |         31 |       0 |    0 |     0 |      0 |      0 |    0 |          1 |
|     mul_10s_5s_15_1_1_U37                                                                 |                                                              final_f12_mul_10s_5s_15_1_1_6 |         30 |         30 |       0 |    0 |     0 |      0 |      0 |    0 |          1 |
|     mul_10s_5s_15_1_1_U38                                                                 |                                                              final_f12_mul_10s_5s_15_1_1_7 |         30 |         30 |       0 |    0 |     0 |      0 |      0 |    0 |          1 |
|     mul_10s_5s_15_1_1_U39                                                                 |                                                              final_f12_mul_10s_5s_15_1_1_8 |         30 |         30 |       0 |    0 |     0 |      0 |      0 |    0 |          1 |
|     mul_10s_5s_15_1_1_U40                                                                 |                                                              final_f12_mul_10s_5s_15_1_1_9 |         30 |         30 |       0 |    0 |     0 |      0 |      0 |    0 |          1 |
|     regslice_both_waveform_U                                                              |                                                                    final_f12_regslice_both |        220 |        220 |       0 |    0 |   646 |      0 |      0 |    0 |          0 |
|     sparsemux_17_3_10_1_1_U1                                                              |                                                            final_f12_sparsemux_17_3_10_1_1 |         20 |         20 |       0 |    0 |     0 |      0 |      0 |    0 |          0 |
|     sparsemux_17_3_10_1_1_U10                                                             |                                                         final_f12_sparsemux_17_3_10_1_1_10 |         20 |         20 |       0 |    0 |     0 |      0 |      0 |    0 |          0 |
|     sparsemux_17_3_10_1_1_U11                                                             |                                            final_f12_sparsemux_17_3_10_1_1__parameterized0 |         20 |         20 |       0 |    0 |     0 |      0 |      0 |    0 |          0 |
|     sparsemux_17_3_10_1_1_U12                                                             |                                         final_f12_sparsemux_17_3_10_1_1__parameterized0_11 |         20 |         20 |       0 |    0 |     0 |      0 |      0 |    0 |          0 |
|     sparsemux_17_3_10_1_1_U13                                                             |                                            final_f12_sparsemux_17_3_10_1_1__parameterized1 |         20 |         20 |       0 |    0 |     0 |      0 |      0 |    0 |          0 |
|     sparsemux_17_3_10_1_1_U14                                                             |                                         final_f12_sparsemux_17_3_10_1_1__parameterized1_12 |         20 |         20 |       0 |    0 |     0 |      0 |      0 |    0 |          0 |
|     sparsemux_17_3_10_1_1_U15                                                             |                                            final_f12_sparsemux_17_3_10_1_1__parameterized2 |         20 |         20 |       0 |    0 |     0 |      0 |      0 |    0 |          0 |
|     sparsemux_17_3_10_1_1_U16                                                             |                                         final_f12_sparsemux_17_3_10_1_1__parameterized2_13 |         20 |         20 |       0 |    0 |     0 |      0 |      0 |    0 |          0 |
|     sparsemux_17_3_10_1_1_U17                                                             |                                                         final_f12_sparsemux_17_3_10_1_1_14 |         20 |         20 |       0 |    0 |     0 |      0 |      0 |    0 |          0 |
|     sparsemux_17_3_10_1_1_U18                                                             |                                                         final_f12_sparsemux_17_3_10_1_1_15 |         20 |         20 |       0 |    0 |     0 |      0 |      0 |    0 |          0 |
|     sparsemux_17_3_10_1_1_U19                                                             |                                         final_f12_sparsemux_17_3_10_1_1__parameterized0_16 |         20 |         20 |       0 |    0 |     0 |      0 |      0 |    0 |          0 |
|     sparsemux_17_3_10_1_1_U2                                                              |                                                         final_f12_sparsemux_17_3_10_1_1_17 |         20 |         20 |       0 |    0 |     0 |      0 |      0 |    0 |          0 |
|     sparsemux_17_3_10_1_1_U20                                                             |                                         final_f12_sparsemux_17_3_10_1_1__parameterized0_18 |         20 |         20 |       0 |    0 |     0 |      0 |      0 |    0 |          0 |
|     sparsemux_17_3_10_1_1_U21                                                             |                                         final_f12_sparsemux_17_3_10_1_1__parameterized1_19 |         20 |         20 |       0 |    0 |     0 |      0 |      0 |    0 |          0 |
|     sparsemux_17_3_10_1_1_U22                                                             |                                         final_f12_sparsemux_17_3_10_1_1__parameterized1_20 |         20 |         20 |       0 |    0 |     0 |      0 |      0 |    0 |          0 |
|     sparsemux_17_3_10_1_1_U23                                                             |                                         final_f12_sparsemux_17_3_10_1_1__parameterized2_21 |         20 |         20 |       0 |    0 |     0 |      0 |      0 |    0 |          0 |
|     sparsemux_17_3_10_1_1_U24                                                             |                                         final_f12_sparsemux_17_3_10_1_1__parameterized2_22 |         20 |         20 |       0 |    0 |     0 |      0 |      0 |    0 |          0 |
|     sparsemux_17_3_10_1_1_U25                                                             |                                                         final_f12_sparsemux_17_3_10_1_1_23 |         20 |         20 |       0 |    0 |     0 |      0 |      0 |    0 |          0 |
|     sparsemux_17_3_10_1_1_U26                                                             |                                                         final_f12_sparsemux_17_3_10_1_1_24 |         20 |         20 |       0 |    0 |     0 |      0 |      0 |    0 |          0 |
|     sparsemux_17_3_10_1_1_U27                                                             |                                         final_f12_sparsemux_17_3_10_1_1__parameterized0_25 |         20 |         20 |       0 |    0 |     0 |      0 |      0 |    0 |          0 |
|     sparsemux_17_3_10_1_1_U28                                                             |                                         final_f12_sparsemux_17_3_10_1_1__parameterized0_26 |         20 |         20 |       0 |    0 |     0 |      0 |      0 |    0 |          0 |
|     sparsemux_17_3_10_1_1_U29                                                             |                                         final_f12_sparsemux_17_3_10_1_1__parameterized1_27 |         20 |         20 |       0 |    0 |     0 |      0 |      0 |    0 |          0 |
|     sparsemux_17_3_10_1_1_U3                                                              |                                         final_f12_sparsemux_17_3_10_1_1__parameterized0_28 |         20 |         20 |       0 |    0 |     0 |      0 |      0 |    0 |          0 |
|     sparsemux_17_3_10_1_1_U30                                                             |                                         final_f12_sparsemux_17_3_10_1_1__parameterized1_29 |         20 |         20 |       0 |    0 |     0 |      0 |      0 |    0 |          0 |
|     sparsemux_17_3_10_1_1_U31                                                             |                                         final_f12_sparsemux_17_3_10_1_1__parameterized2_30 |         20 |         20 |       0 |    0 |     0 |      0 |      0 |    0 |          0 |
|     sparsemux_17_3_10_1_1_U32                                                             |                                         final_f12_sparsemux_17_3_10_1_1__parameterized2_31 |         20 |         20 |       0 |    0 |     0 |      0 |      0 |    0 |          0 |
|     sparsemux_17_3_10_1_1_U4                                                              |                                         final_f12_sparsemux_17_3_10_1_1__parameterized0_32 |         20 |         20 |       0 |    0 |     0 |      0 |      0 |    0 |          0 |
|     sparsemux_17_3_10_1_1_U5                                                              |                                         final_f12_sparsemux_17_3_10_1_1__parameterized1_33 |         20 |         20 |       0 |    0 |     0 |      0 |      0 |    0 |          0 |
|     sparsemux_17_3_10_1_1_U6                                                              |                                         final_f12_sparsemux_17_3_10_1_1__parameterized1_34 |         20 |         20 |       0 |    0 |     0 |      0 |      0 |    0 |          0 |
|     sparsemux_17_3_10_1_1_U7                                                              |                                         final_f12_sparsemux_17_3_10_1_1__parameterized2_35 |         20 |         20 |       0 |    0 |     0 |      0 |      0 |    0 |          0 |
|     sparsemux_17_3_10_1_1_U8                                                              |                                         final_f12_sparsemux_17_3_10_1_1__parameterized2_36 |         20 |         20 |       0 |    0 |     0 |      0 |      0 |    0 |          0 |
|     sparsemux_17_3_10_1_1_U9                                                              |                                                         final_f12_sparsemux_17_3_10_1_1_37 |         20 |         20 |       0 |    0 |     0 |      0 |      0 |    0 |          0 |
|   relu_array_ap_fixed_48u_array_ap_ufixed_17_8_5_3_0_48u_relu_config8_U0                  |            final_f12_relu_array_ap_fixed_48u_array_ap_ufixed_17_8_5_3_0_48u_relu_config8_s |        394 |        394 |       0 |    0 |   824 |      0 |      0 |    0 |          0 |
|     (relu_array_ap_fixed_48u_array_ap_ufixed_17_8_5_3_0_48u_relu_config8_U0)              |            final_f12_relu_array_ap_fixed_48u_array_ap_ufixed_17_8_5_3_0_48u_relu_config8_s |        383 |        383 |       0 |    0 |   823 |      0 |      0 |    0 |          0 |
|     flow_control_loop_pipe_U                                                              |                                                         final_f12_flow_control_loop_pipe_2 |         11 |         11 |       0 |    0 |     1 |      0 |      0 |    0 |          0 |
|   scheduled_pool_array_array_ap_fixed_10_5_0_2_0_48u_config9_4u_U0                        |                  final_f12_scheduled_pool_array_array_ap_fixed_10_5_0_2_0_48u_config9_4u_s |        692 |        692 |       0 |    0 |  1409 |      0 |      0 |    0 |          0 |
|     (scheduled_pool_array_array_ap_fixed_10_5_0_2_0_48u_config9_4u_U0)                    |                  final_f12_scheduled_pool_array_array_ap_fixed_10_5_0_2_0_48u_config9_4u_s |        678 |        678 |       0 |    0 |  1408 |      0 |      0 |    0 |          0 |
|     flow_control_loop_pipe_U                                                              |                                                         final_f12_flow_control_loop_pipe_1 |         15 |         15 |       0 |    0 |     1 |      0 |      0 |    0 |          0 |
|   shared_conv_array_array_ap_fixed_48u_config7_4u_ravel_matrix_conv2d_1_2u_U0             |       final_f12_shared_conv_array_array_ap_fixed_48u_config7_4u_ravel_matrix_conv2d_1_2u_s |      13903 |      13900 |       0 |    3 |  9392 |      0 |      0 |    0 |          0 |
|     (shared_conv_array_array_ap_fixed_48u_config7_4u_ravel_matrix_conv2d_1_2u_U0)         |       final_f12_shared_conv_array_array_ap_fixed_48u_config7_4u_ravel_matrix_conv2d_1_2u_s |      13671 |      13668 |       0 |    3 |  9391 |      0 |      0 |    0 |          0 |
|     flow_control_loop_pipe_U                                                              |                                                           final_f12_flow_control_loop_pipe |        233 |        233 |       0 |    0 |     1 |      0 |      0 |    0 |          0 |
|   start_for_dense_wide_stream_array_array_ap_fixed_21_12_5_3_0_1u_config12_U0_U           |      final_f12_start_for_dense_wide_stream_array_array_ap_fixed_21_12_5_3_0_1u_config12_U0 |          5 |          5 |       0 |    0 |     4 |      0 |      0 |    0 |          0 |
|   start_for_relu_array_ap_fixed_48u_array_ap_ufixed_17_8_5_3_0_48u_relu_config8dEe_U      | final_f12_start_for_relu_array_ap_fixed_48u_array_ap_ufixed_17_8_5_3_0_48u_relu_config8dEe |          5 |          5 |       0 |    0 |     4 |      0 |      0 |    0 |          0 |
|   start_for_scheduled_pool_array_array_ap_fixed_10_5_0_2_0_48u_config9_4u_U0_U            |       final_f12_start_for_scheduled_pool_array_array_ap_fixed_10_5_0_2_0_48u_config9_4u_U0 |          8 |          8 |       0 |    0 |     4 |      0 |      0 |    0 |          0 |
|   start_for_shared_conv_array_array_ap_fixed_48u_config7_4u_ravel_matrix_conv2dcud_U      | final_f12_start_for_shared_conv_array_array_ap_fixed_48u_config7_4u_ravel_matrix_conv2dcud |          7 |          7 |       0 |    0 |     4 |      0 |      0 |    0 |          0 |
+-------------------------------------------------------------------------------------------+--------------------------------------------------------------------------------------------+------------+------------+---------+------+-------+--------+--------+------+------------+
* Note: The sum of lower-level cells may be larger than their parent cells total, due to cross-hierarchy LUT combining


