Copyright 1986-2022 Xilinx, Inc. All Rights Reserved. Copyright 2022-2023 Advanced Micro Devices, Inc. All Rights Reserved.
--------------------------------------------------------------------------------------------------------------------------------------------------
| Tool Version      : Vivado v.2023.2 (lin64) Build 4029153 Fri Oct 13 20:13:54 MDT 2023
| Date              : Tue Sep 15 12:37:38 2026
| Host              : AlbertsUbuntu running 64-bit Ubuntu 22.04.5 LTS
| Command           : report_timing_summary -file timing.rpt
| Design            : composed_target
| Device            : xcku5p-ffvb676
| Speed File        : -2  PRODUCTION 1.29 05-01-2022
| Design State      : Routed
| Temperature Grade : E
--------------------------------------------------------------------------------------------------------------------------------------------------

Timing Summary Report

------------------------------------------------------------------------------------------------
| Timer Settings
| --------------
------------------------------------------------------------------------------------------------

  Enable Multi Corner Analysis               :  Yes
  Enable Pessimism Removal                   :  Yes
  Pessimism Removal Resolution               :  Nearest Common Node
  Enable Input Delay Default Clock           :  No
  Enable Preset / Clear Arcs                 :  No
  Disable Flight Delays                      :  No
  Ignore I/O Paths                           :  No
  Timing Early Launch at Borrowing Latches   :  No
  Borrow Time for Max Delay Exceptions       :  Yes
  Merge Timing Exceptions                    :  Yes
  Inter-SLR Compensation                     :  Conservative

  Corner  Analyze    Analyze    
  Name    Max Paths  Min Paths  
  ------  ---------  ---------  
  Slow    Yes        Yes        
  Fast    Yes        Yes        


------------------------------------------------------------------------------------------------
| Report Methodology
| ------------------
------------------------------------------------------------------------------------------------

No report available as report_methodology has not been run prior. Run report_methodology on the current design for the summary of methodology violations.



check_timing report

Table of Contents
-----------------
1. checking no_clock (0)
2. checking constant_clock (0)
3. checking pulse_width_clock (0)
4. checking unconstrained_internal_endpoints (0)
5. checking no_input_delay (324)
6. checking no_output_delay (26)
7. checking multiple_clock (0)
8. checking generated_clocks (0)
9. checking loops (0)
10. checking partial_input_delay (0)
11. checking partial_output_delay (0)
12. checking latch_loops (0)

1. checking no_clock (0)
------------------------
 There are 0 register/latch pins with no clock.


2. checking constant_clock (0)
------------------------------
 There are 0 register/latch pins with constant_clock.


3. checking pulse_width_clock (0)
---------------------------------
 There are 0 register/latch pins which need pulse_width check


4. checking unconstrained_internal_endpoints (0)
------------------------------------------------
 There are 0 pins that are not constrained for maximum delay.

 There are 0 pins that are not constrained for maximum delay due to constant clock.


5. checking no_input_delay (324)
--------------------------------
 There are 324 input ports with no input delay specified. (HIGH)

 There are 0 input ports with no input delay but user has a false path constraint.


6. checking no_output_delay (26)
--------------------------------
 There are 26 ports with no output delay specified. (HIGH)

 There are 0 ports with no output delay but user has a false path constraint

 There are 0 ports with no output delay but with a timing clock defined on it or propagating through it


7. checking multiple_clock (0)
------------------------------
 There are 0 register/latch pins with multiple clocks.


8. checking generated_clocks (0)
--------------------------------
 There are 0 generated clocks that are not connected to a clock source.


9. checking loops (0)
---------------------
 There are 0 combinational loops in the design.


10. checking partial_input_delay (0)
------------------------------------
 There are 0 input ports with partial input delay specified.


11. checking partial_output_delay (0)
-------------------------------------
 There are 0 ports with partial output delay specified.


12. checking latch_loops (0)
----------------------------
 There are 0 combinational latch loops in the design through latch input



------------------------------------------------------------------------------------------------
| Design Timing Summary
| ---------------------
------------------------------------------------------------------------------------------------

    WNS(ns)      TNS(ns)  TNS Failing Endpoints  TNS Total Endpoints      WHS(ns)      THS(ns)  THS Failing Endpoints  THS Total Endpoints     WPWS(ns)     TPWS(ns)  TPWS Failing Endpoints  TPWS Total Endpoints  
    -------      -------  ---------------------  -------------------      -------      -------  ---------------------  -------------------     --------     --------  ----------------------  --------------------  
      0.475        0.000                      0                36813        0.037        0.000                      0                36813        1.968        0.000                       0                 15458  


All user specified timing constraints are met.


------------------------------------------------------------------------------------------------
| Clock Summary
| -------------
------------------------------------------------------------------------------------------------

Clock   Waveform(ns)         Period(ns)      Frequency(MHz)
-----   ------------         ----------      --------------
ap_clk  {0.000 2.500}        5.000           200.000         


------------------------------------------------------------------------------------------------
| Intra Clock Table
| -----------------
------------------------------------------------------------------------------------------------

Clock             WNS(ns)      TNS(ns)  TNS Failing Endpoints  TNS Total Endpoints      WHS(ns)      THS(ns)  THS Failing Endpoints  THS Total Endpoints     WPWS(ns)     TPWS(ns)  TPWS Failing Endpoints  TPWS Total Endpoints  
-----             -------      -------  ---------------------  -------------------      -------      -------  ---------------------  -------------------     --------     --------  ----------------------  --------------------  
ap_clk              0.475        0.000                      0                36813        0.037        0.000                      0                36813        1.968        0.000                       0                 15458  


------------------------------------------------------------------------------------------------
| Inter Clock Table
| -----------------
------------------------------------------------------------------------------------------------

From Clock    To Clock          WNS(ns)      TNS(ns)  TNS Failing Endpoints  TNS Total Endpoints      WHS(ns)      THS(ns)  THS Failing Endpoints  THS Total Endpoints  
----------    --------          -------      -------  ---------------------  -------------------      -------      -------  ---------------------  -------------------  


------------------------------------------------------------------------------------------------
| Other Path Groups Table
| -----------------------
------------------------------------------------------------------------------------------------

Path Group    From Clock    To Clock          WNS(ns)      TNS(ns)  TNS Failing Endpoints  TNS Total Endpoints      WHS(ns)      THS(ns)  THS Failing Endpoints  THS Total Endpoints  
----------    ----------    --------          -------      -------  ---------------------  -------------------      -------      -------  ---------------------  -------------------  


------------------------------------------------------------------------------------------------
| Timing Details
| --------------
------------------------------------------------------------------------------------------------


---------------------------------------------------------------------------------------------------
From Clock:  ap_clk
  To Clock:  ap_clk

Setup :            0  Failing Endpoints,  Worst Slack        0.475ns,  Total Violation        0.000ns
Hold  :            0  Failing Endpoints,  Worst Slack        0.037ns,  Total Violation        0.000ns
PW    :            0  Failing Endpoints,  Worst Slack        1.968ns,  Total Violation        0.000ns
---------------------------------------------------------------------------------------------------


Max Delay Paths
--------------------------------------------------------------------------------------
Slack (MET) :             0.475ns  (required time - arrival time)
  Source:                 phara_pool_aligned_hybrid_p8_cl_array_array_array_array_config3_config5_U0/trunc_ln830_reg_16059_pp0_iter1_reg_reg[1]/C
                            (rising edge-triggered cell FDRE clocked by ap_clk  {rise@0.000ns fall@2.500ns period=5.000ns})
  Destination:            phara_pool_aligned_hybrid_p8_cl_array_array_array_array_config3_config5_U0/second_activation_47_reg_17284_reg[10]/R
                            (rising edge-triggered cell FDRE clocked by ap_clk  {rise@0.000ns fall@2.500ns period=5.000ns})
  Path Group:             ap_clk
  Path Type:              Setup (Max at Slow Process Corner)
  Requirement:            5.000ns  (ap_clk rise@5.000ns - ap_clk rise@0.000ns)
  Data Path Delay:        4.407ns  (logic 1.307ns (29.656%)  route 3.100ns (70.344%))
  Logic Levels:           11  (CARRY8=4 LUT2=1 LUT3=4 LUT5=1 LUT6=1)
  Clock Path Skew:        -0.009ns (DCD - SCD + CPR)
    Destination Clock Delay (DCD):    0.021ns = ( 5.021 - 5.000 ) 
    Source Clock Delay      (SCD):    0.030ns
    Clock Pessimism Removal (CPR):    0.000ns
  Clock Uncertainty:      0.035ns  ((TSJ^2 + TIJ^2)^1/2 + DJ) / 2 + PE
    Total System Jitter     (TSJ):    0.071ns
    Total Input Jitter      (TIJ):    0.000ns
    Discrete Jitter          (DJ):    0.000ns
    Phase Error              (PE):    0.000ns

    Location             Delay type                Incr(ns)  Path(ns)    Netlist Resource(s)
  -------------------------------------------------------------------    -------------------
                         (clock ap_clk rise edge)     0.000     0.000 r  
                                                      0.000     0.000 r  ap_clk (IN)
                         net (fo=15744, unset)        0.030     0.030    phara_pool_aligned_hybrid_p8_cl_array_array_array_array_config3_config5_U0/ap_clk
    SLICE_X96Y134        FDRE                                         r  phara_pool_aligned_hybrid_p8_cl_array_array_array_array_config3_config5_U0/trunc_ln830_reg_16059_pp0_iter1_reg_reg[1]/C
  -------------------------------------------------------------------    -------------------
    SLICE_X96Y134        FDRE (Prop_EFF_SLICEM_C_Q)
                                                      0.076     0.106 r  phara_pool_aligned_hybrid_p8_cl_array_array_array_array_config3_config5_U0/trunc_ln830_reg_16059_pp0_iter1_reg_reg[1]/Q
                         net (fo=188, routed)         0.638     0.744    phara_pool_aligned_hybrid_p8_cl_array_array_array_array_config3_config5_U0/sparsemux_17_3_10_1_1_U26/trunc_ln830_reg_16059_pp0_iter1_reg[1]_alias
    SLICE_X98Y91         LUT6 (Prop_G6LUT_SLICEM_I2_O)
                                                      0.123     0.867 f  phara_pool_aligned_hybrid_p8_cl_array_array_array_array_config3_config5_U0/sparsemux_17_3_10_1_1_U26/sext_ln445_4_reg_17045[6]_i_3/O
                         net (fo=6, routed)           0.396     1.263    phara_pool_aligned_hybrid_p8_cl_array_array_array_array_config3_config5_U0/sparsemux_17_3_10_1_1_U26/row_buffer_30_fu_452_reg[3]
    SLICE_X92Y103        LUT3 (Prop_C6LUT_SLICEM_I2_O)
                                                      0.123     1.386 f  phara_pool_aligned_hybrid_p8_cl_array_array_array_array_config3_config5_U0/sparsemux_17_3_10_1_1_U26/sext_ln445_4_reg_17045[6]_i_1/O
                         net (fo=32, routed)          0.257     1.643    phara_pool_aligned_hybrid_p8_cl_array_array_array_array_config3_config5_U0/phara_x5_input_code_2_fu_5928_p19[3]
    SLICE_X91Y99         LUT3 (Prop_D5LUT_SLICEL_I2_O)
                                                      0.133     1.776 r  phara_pool_aligned_hybrid_p8_cl_array_array_array_array_config3_config5_U0/second_activation_47_reg_17284[12]_i_54/O
                         net (fo=2, routed)           0.240     2.016    phara_pool_aligned_hybrid_p8_cl_array_array_array_array_config3_config5_U0/second_activation_47_reg_17284[12]_i_54_n_8
    SLICE_X91Y99         CARRY8 (Prop_CARRY8_SLICEL_DI[4]_O[6])
                                                      0.112     2.128 r  phara_pool_aligned_hybrid_p8_cl_array_array_array_array_config3_config5_U0/second_activation_47_reg_17284_reg[12]_i_32/O[6]
                         net (fo=2, routed)           0.265     2.393    phara_pool_aligned_hybrid_p8_cl_array_array_array_array_config3_config5_U0/phara_x5_5f_c3_5f_negative1_2_fu_7305_p2[6]
    SLICE_X90Y99         LUT3 (Prop_G5LUT_SLICEM_I2_O)
                                                      0.112     2.505 r  phara_pool_aligned_hybrid_p8_cl_array_array_array_array_config3_config5_U0/second_activation_47_reg_17284[7]_i_2/O
                         net (fo=2, routed)           0.265     2.770    phara_pool_aligned_hybrid_p8_cl_array_array_array_array_config3_config5_U0/second_activation_47_reg_17284[7]_i_2_n_8
    SLICE_X90Y99         LUT5 (Prop_H6LUT_SLICEM_I0_O)
                                                      0.053     2.823 r  phara_pool_aligned_hybrid_p8_cl_array_array_array_array_config3_config5_U0/second_activation_47_reg_17284[7]_i_10/O
                         net (fo=1, routed)           0.015     2.838    phara_pool_aligned_hybrid_p8_cl_array_array_array_array_config3_config5_U0/second_activation_47_reg_17284[7]_i_10_n_8
    SLICE_X90Y99         CARRY8 (Prop_CARRY8_SLICEM_S[7]_CO[7])
                                                      0.117     2.955 r  phara_pool_aligned_hybrid_p8_cl_array_array_array_array_config3_config5_U0/second_activation_47_reg_17284_reg[7]_i_1/CO[7]
                         net (fo=1, routed)           0.026     2.981    phara_pool_aligned_hybrid_p8_cl_array_array_array_array_config3_config5_U0/second_activation_47_reg_17284_reg[7]_i_1_n_8
    SLICE_X90Y100        CARRY8 (Prop_CARRY8_SLICEM_CI_O[3])
                                                      0.089     3.070 f  phara_pool_aligned_hybrid_p8_cl_array_array_array_array_config3_config5_U0/second_activation_47_reg_17284_reg[12]_i_2/O[3]
                         net (fo=3, routed)           0.138     3.208    phara_pool_aligned_hybrid_p8_cl_array_array_array_array_config3_config5_U0/trunc_ln691_9_fu_7509_p1[11]
    SLICE_X90Y98         LUT2 (Prop_F6LUT_SLICEM_I1_O)
                                                      0.123     3.331 r  phara_pool_aligned_hybrid_p8_cl_array_array_array_array_config3_config5_U0/second_activation_47_reg_17284[12]_i_23/O
                         net (fo=1, routed)           0.022     3.353    phara_pool_aligned_hybrid_p8_cl_array_array_array_array_config3_config5_U0/second_activation_47_reg_17284[12]_i_23_n_8
    SLICE_X90Y98         CARRY8 (Prop_CARRY8_SLICEM_S[5]_CO[6])
                                                      0.113     3.466 f  phara_pool_aligned_hybrid_p8_cl_array_array_array_array_config3_config5_U0/second_activation_47_reg_17284_reg[12]_i_3/CO[6]
                         net (fo=1, routed)           0.367     3.833    phara_pool_aligned_hybrid_p8_cl_array_array_array_array_config3_config5_U0/regslice_both_waveform_U/CO[0]
    SLICE_X85Y99         LUT3 (Prop_D5LUT_SLICEL_I2_O)
                                                      0.133     3.966 r  phara_pool_aligned_hybrid_p8_cl_array_array_array_array_config3_config5_U0/regslice_both_waveform_U/second_activation_47_reg_17284[12]_i_1/O
                         net (fo=13, routed)          0.471     4.437    phara_pool_aligned_hybrid_p8_cl_array_array_array_array_config3_config5_U0/regslice_both_waveform_U_n_21
    SLICE_X90Y100        FDRE                                         r  phara_pool_aligned_hybrid_p8_cl_array_array_array_array_config3_config5_U0/second_activation_47_reg_17284_reg[10]/R
  -------------------------------------------------------------------    -------------------

                         (clock ap_clk rise edge)     5.000     5.000 r  
                                                      0.000     5.000 r  ap_clk (IN)
                         net (fo=15744, unset)        0.021     5.021    phara_pool_aligned_hybrid_p8_cl_array_array_array_array_config3_config5_U0/ap_clk
    SLICE_X90Y100        FDRE                                         r  phara_pool_aligned_hybrid_p8_cl_array_array_array_array_config3_config5_U0/second_activation_47_reg_17284_reg[10]/C
                         clock pessimism              0.000     5.021    
                         clock uncertainty           -0.035     4.986    
    SLICE_X90Y100        FDRE (Setup_CFF_SLICEM_C_R)
                                                     -0.074     4.912    phara_pool_aligned_hybrid_p8_cl_array_array_array_array_config3_config5_U0/second_activation_47_reg_17284_reg[10]
  -------------------------------------------------------------------
                         required time                          4.912    
                         arrival time                          -4.437    
  -------------------------------------------------------------------
                         slack                                  0.475    





Min Delay Paths
--------------------------------------------------------------------------------------
Slack (MET) :             0.037ns  (arrival time - required time)
  Source:                 ravel_bridge_1_U/mOutPtr_reg[1]/C
                            (rising edge-triggered cell FDRE clocked by ap_clk  {rise@0.000ns fall@2.500ns period=5.000ns})
  Destination:            ravel_bridge_1_U/mOutPtr_reg[2]/D
                            (rising edge-triggered cell FDRE clocked by ap_clk  {rise@0.000ns fall@2.500ns period=5.000ns})
  Path Group:             ap_clk
  Path Type:              Hold (Min at Fast Process Corner)
  Requirement:            0.000ns  (ap_clk rise@0.000ns - ap_clk rise@0.000ns)
  Data Path Delay:        0.090ns  (logic 0.059ns (65.666%)  route 0.031ns (34.334%))
  Logic Levels:           1  (LUT4=1)
  Clock Path Skew:        0.006ns (DCD - SCD - CPR)
    Destination Clock Delay (DCD):    0.019ns
    Source Clock Delay      (SCD):    0.013ns
    Clock Pessimism Removal (CPR):    -0.000ns

    Location             Delay type                Incr(ns)  Path(ns)    Netlist Resource(s)
  -------------------------------------------------------------------    -------------------
                         (clock ap_clk rise edge)     0.000     0.000 r  
                                                      0.000     0.000 r  ap_clk (IN)
                         net (fo=15744, unset)        0.013     0.013    ravel_bridge_1_U/ap_clk
    SLICE_X54Y140        FDRE                                         r  ravel_bridge_1_U/mOutPtr_reg[1]/C
  -------------------------------------------------------------------    -------------------
    SLICE_X54Y140        FDRE (Prop_HFF_SLICEL_C_Q)
                                                      0.039     0.052 r  ravel_bridge_1_U/mOutPtr_reg[1]/Q
                         net (fo=3, routed)           0.025     0.077    ravel_bridge_1_U/mOutPtr[1]
    SLICE_X54Y140        LUT4 (Prop_H5LUT_SLICEL_I3_O)
                                                      0.020     0.097 r  ravel_bridge_1_U/mOutPtr[2]_i_2/O
                         net (fo=1, routed)           0.006     0.103    ravel_bridge_1_U/mOutPtr[2]_i_2_n_8
    SLICE_X54Y140        FDRE                                         r  ravel_bridge_1_U/mOutPtr_reg[2]/D
  -------------------------------------------------------------------    -------------------

                         (clock ap_clk rise edge)     0.000     0.000 r  
                                                      0.000     0.000 r  ap_clk (IN)
                         net (fo=15744, unset)        0.019     0.019    ravel_bridge_1_U/ap_clk
    SLICE_X54Y140        FDRE                                         r  ravel_bridge_1_U/mOutPtr_reg[2]/C
                         clock pessimism              0.000     0.019    
    SLICE_X54Y140        FDRE (Hold_HFF2_SLICEL_C_D)
                                                      0.047     0.066    ravel_bridge_1_U/mOutPtr_reg[2]
  -------------------------------------------------------------------
                         required time                         -0.066    
                         arrival time                           0.103    
  -------------------------------------------------------------------
                         slack                                  0.037    





Pulse Width Checks
--------------------------------------------------------------------------------------
Clock Name:         ap_clk
Waveform(ns):       { 0.000 2.500 }
Period(ns):         5.000
Sources:            { ap_clk }

Check Type        Corner  Lib Pin     Reference Pin  Required(ns)  Actual(ns)  Slack(ns)  Location       Pin
Min Period        n/a     SRL16E/CLK  n/a            1.064         5.000       3.936      SLICE_X67Y181  conv_2d_cl_array_ap_fixed_12u_array_ap_fixed_18_9_5_3_0_12u_config7_U0/grp_compute_output_buffer_2d_array_array_ap_fixed_18_9_5_3_0_12u_config7_s_fu_314/call_ln281_shift_line_buffer_array_ap_fixed_10_5_0_2_0_12u_config7_s_fu_378/p_ZZN4nnet25conv_2d_buffer_latency_clINS_5arrayI8ap_fixedILi10ELi5EL9ap_q_mode0EL_10_U/composed_target_shift_line_buffer_array_ap_fixed_10_5_0_2_0_12u_config7_s_p_ZZN4nnet25conv_2dbkb_core_U/ShiftRegMem_reg[2][0]_srl2___conv_2d_cl_array_ap_fixed_12u_array_ap_fixed_18_9_5_3_0_12u_config7_U0_grp_compute_output_buffer_2d_array_array_ap_fixed_18_9_5_3_0_12u_config7_s_fu_314_call_ln281_shift_line_buffer_array_ap_fixed_10_5_0_2_0_12u_config7_s_fu_378_p_ZZN4nnet25conv_2d_buffer_latency_clINS_5arrayI8ap_fixedILi10ELi5EL9ap_q_mode0EL_11_U_composed_target_shift_line_buffer_array_ap_fixed_10_5_0_2_0_12u_config7_s_p_ZZN4nnet25conv_2dbkb_core_U_ShiftRegMem_reg_r_0/CLK
Low Pulse Width   Slow    SRL16E/CLK  n/a            0.532         2.500       1.968      SLICE_X67Y181  conv_2d_cl_array_ap_fixed_12u_array_ap_fixed_18_9_5_3_0_12u_config7_U0/grp_compute_output_buffer_2d_array_array_ap_fixed_18_9_5_3_0_12u_config7_s_fu_314/call_ln281_shift_line_buffer_array_ap_fixed_10_5_0_2_0_12u_config7_s_fu_378/p_ZZN4nnet25conv_2d_buffer_latency_clINS_5arrayI8ap_fixedILi10ELi5EL9ap_q_mode0EL_10_U/composed_target_shift_line_buffer_array_ap_fixed_10_5_0_2_0_12u_config7_s_p_ZZN4nnet25conv_2dbkb_core_U/ShiftRegMem_reg[2][0]_srl2___conv_2d_cl_array_ap_fixed_12u_array_ap_fixed_18_9_5_3_0_12u_config7_U0_grp_compute_output_buffer_2d_array_array_ap_fixed_18_9_5_3_0_12u_config7_s_fu_314_call_ln281_shift_line_buffer_array_ap_fixed_10_5_0_2_0_12u_config7_s_fu_378_p_ZZN4nnet25conv_2d_buffer_latency_clINS_5arrayI8ap_fixedILi10ELi5EL9ap_q_mode0EL_11_U_composed_target_shift_line_buffer_array_ap_fixed_10_5_0_2_0_12u_config7_s_p_ZZN4nnet25conv_2dbkb_core_U_ShiftRegMem_reg_r_0/CLK
High Pulse Width  Slow    SRL16E/CLK  n/a            0.532         2.500       1.968      SLICE_X67Y181  conv_2d_cl_array_ap_fixed_12u_array_ap_fixed_18_9_5_3_0_12u_config7_U0/grp_compute_output_buffer_2d_array_array_ap_fixed_18_9_5_3_0_12u_config7_s_fu_314/call_ln281_shift_line_buffer_array_ap_fixed_10_5_0_2_0_12u_config7_s_fu_378/p_ZZN4nnet25conv_2d_buffer_latency_clINS_5arrayI8ap_fixedILi10ELi5EL9ap_q_mode0EL_10_U/composed_target_shift_line_buffer_array_ap_fixed_10_5_0_2_0_12u_config7_s_p_ZZN4nnet25conv_2dbkb_core_U/ShiftRegMem_reg[2][0]_srl2___conv_2d_cl_array_ap_fixed_12u_array_ap_fixed_18_9_5_3_0_12u_config7_U0_grp_compute_output_buffer_2d_array_array_ap_fixed_18_9_5_3_0_12u_config7_s_fu_314_call_ln281_shift_line_buffer_array_ap_fixed_10_5_0_2_0_12u_config7_s_fu_378_p_ZZN4nnet25conv_2d_buffer_latency_clINS_5arrayI8ap_fixedILi10ELi5EL9ap_q_mode0EL_11_U_composed_target_shift_line_buffer_array_ap_fixed_10_5_0_2_0_12u_config7_s_p_ZZN4nnet25conv_2dbkb_core_U_ShiftRegMem_reg_r_0/CLK



