Copyright 1986-2022 Xilinx, Inc. All Rights Reserved. Copyright 2022-2023 Advanced Micro Devices, Inc. All Rights Reserved.
--------------------------------------------------------------------------------------------------------------------------------------------------
| Tool Version      : Vivado v.2023.2 (lin64) Build 4029153 Fri Oct 13 20:13:54 MDT 2023
| Date              : Tue Sep 15 10:39:34 2026
| Host              : AlbertsUbuntu running 64-bit Ubuntu 22.04.5 LTS
| Command           : report_timing_summary -file /home/work1/Works/RAVEL-env/qualification/aria17/pre17/projects/clean_target_ooc/ooc_timing.rpt
| Design            : clean_target
| Device            : xcku5p-ffvb676
| Speed File        : -2  PRODUCTION 1.29 05-01-2022
| Design State      : Routed
| Temperature Grade : E
--------------------------------------------------------------------------------------------------------------------------------------------------

Timing Summary Report

------------------------------------------------------------------------------------------------
| Timer Settings
| --------------
------------------------------------------------------------------------------------------------

  Enable Multi Corner Analysis               :  Yes
  Enable Pessimism Removal                   :  Yes
  Pessimism Removal Resolution               :  Nearest Common Node
  Enable Input Delay Default Clock           :  No
  Enable Preset / Clear Arcs                 :  No
  Disable Flight Delays                      :  No
  Ignore I/O Paths                           :  No
  Timing Early Launch at Borrowing Latches   :  No
  Borrow Time for Max Delay Exceptions       :  Yes
  Merge Timing Exceptions                    :  Yes
  Inter-SLR Compensation                     :  Conservative

  Corner  Analyze    Analyze    
  Name    Max Paths  Min Paths  
  ------  ---------  ---------  
  Slow    Yes        Yes        
  Fast    Yes        Yes        


------------------------------------------------------------------------------------------------
| Report Methodology
| ------------------
------------------------------------------------------------------------------------------------

No report available as report_methodology has not been run prior. Run report_methodology on the current design for the summary of methodology violations.



check_timing report

Table of Contents
-----------------
1. checking no_clock (0)
2. checking constant_clock (0)
3. checking pulse_width_clock (0)
4. checking unconstrained_internal_endpoints (0)
5. checking no_input_delay (14)
6. checking no_output_delay (26)
7. checking multiple_clock (0)
8. checking generated_clocks (0)
9. checking loops (0)
10. checking partial_input_delay (0)
11. checking partial_output_delay (0)
12. checking latch_loops (0)

1. checking no_clock (0)
------------------------
 There are 0 register/latch pins with no clock.


2. checking constant_clock (0)
------------------------------
 There are 0 register/latch pins with constant_clock.


3. checking pulse_width_clock (0)
---------------------------------
 There are 0 register/latch pins which need pulse_width check


4. checking unconstrained_internal_endpoints (0)
------------------------------------------------
 There are 0 pins that are not constrained for maximum delay.

 There are 0 pins that are not constrained for maximum delay due to constant clock.


5. checking no_input_delay (14)
-------------------------------
 There are 14 input ports with no input delay specified. (HIGH)

 There are 0 input ports with no input delay but user has a false path constraint.


6. checking no_output_delay (26)
--------------------------------
 There are 26 ports with no output delay specified. (HIGH)

 There are 0 ports with no output delay but user has a false path constraint

 There are 0 ports with no output delay but with a timing clock defined on it or propagating through it


7. checking multiple_clock (0)
------------------------------
 There are 0 register/latch pins with multiple clocks.


8. checking generated_clocks (0)
--------------------------------
 There are 0 generated clocks that are not connected to a clock source.


9. checking loops (0)
---------------------
 There are 0 combinational loops in the design.


10. checking partial_input_delay (0)
------------------------------------
 There are 0 input ports with partial input delay specified.


11. checking partial_output_delay (0)
-------------------------------------
 There are 0 ports with partial output delay specified.


12. checking latch_loops (0)
----------------------------
 There are 0 combinational latch loops in the design through latch input



------------------------------------------------------------------------------------------------
| Design Timing Summary
| ---------------------
------------------------------------------------------------------------------------------------

    WNS(ns)      TNS(ns)  TNS Failing Endpoints  TNS Total Endpoints      WHS(ns)      THS(ns)  THS Failing Endpoints  THS Total Endpoints     WPWS(ns)     TPWS(ns)  TPWS Failing Endpoints  TPWS Total Endpoints  
    -------      -------  ---------------------  -------------------      -------      -------  ---------------------  -------------------     --------     --------  ----------------------  --------------------  
      0.800        0.000                      0                29792        0.004        0.000                      0                29792        1.958        0.000                       0                 14305  


All user specified timing constraints are met.


------------------------------------------------------------------------------------------------
| Clock Summary
| -------------
------------------------------------------------------------------------------------------------

Clock   Waveform(ns)         Period(ns)      Frequency(MHz)
-----   ------------         ----------      --------------
ap_clk  {0.000 2.500}        5.000           200.000         


------------------------------------------------------------------------------------------------
| Intra Clock Table
| -----------------
------------------------------------------------------------------------------------------------

Clock             WNS(ns)      TNS(ns)  TNS Failing Endpoints  TNS Total Endpoints      WHS(ns)      THS(ns)  THS Failing Endpoints  THS Total Endpoints     WPWS(ns)     TPWS(ns)  TPWS Failing Endpoints  TPWS Total Endpoints  
-----             -------      -------  ---------------------  -------------------      -------      -------  ---------------------  -------------------     --------     --------  ----------------------  --------------------  
ap_clk              0.800        0.000                      0                29792        0.004        0.000                      0                29792        1.958        0.000                       0                 14305  


------------------------------------------------------------------------------------------------
| Inter Clock Table
| -----------------
------------------------------------------------------------------------------------------------

From Clock    To Clock          WNS(ns)      TNS(ns)  TNS Failing Endpoints  TNS Total Endpoints      WHS(ns)      THS(ns)  THS Failing Endpoints  THS Total Endpoints  
----------    --------          -------      -------  ---------------------  -------------------      -------      -------  ---------------------  -------------------  


------------------------------------------------------------------------------------------------
| Other Path Groups Table
| -----------------------
------------------------------------------------------------------------------------------------

Path Group    From Clock    To Clock          WNS(ns)      TNS(ns)  TNS Failing Endpoints  TNS Total Endpoints      WHS(ns)      THS(ns)  THS Failing Endpoints  THS Total Endpoints  
----------    ----------    --------          -------      -------  ---------------------  -------------------      -------      -------  ---------------------  -------------------  


------------------------------------------------------------------------------------------------
| Timing Details
| --------------
------------------------------------------------------------------------------------------------


---------------------------------------------------------------------------------------------------
From Clock:  ap_clk
  To Clock:  ap_clk

Setup :            0  Failing Endpoints,  Worst Slack        0.800ns,  Total Violation        0.000ns
Hold  :            0  Failing Endpoints,  Worst Slack        0.004ns,  Total Violation        0.000ns
PW    :            0  Failing Endpoints,  Worst Slack        1.958ns,  Total Violation        0.000ns
---------------------------------------------------------------------------------------------------


Max Delay Paths
--------------------------------------------------------------------------------------
Slack (MET) :             0.800ns  (required time - arrival time)
  Source:                 conv_2d_cl_array_ap_fixed_12u_array_ap_fixed_18_9_5_3_0_12u_config7_U0/grp_compute_output_buffer_2d_array_array_ap_fixed_18_9_5_3_0_12u_config7_s_fu_314/grp_dense_latency_ap_fixed_10_5_0_2_0_ap_fixed_18_9_5_3_0_config7_mult_s_fu_622/add_ln58_593_reg_10831_reg[0]/C
                            (rising edge-triggered cell FDRE clocked by ap_clk  {rise@0.000ns fall@2.500ns period=5.000ns})
  Destination:            conv_2d_cl_array_ap_fixed_12u_array_ap_fixed_18_9_5_3_0_12u_config7_U0/grp_compute_output_buffer_2d_array_array_ap_fixed_18_9_5_3_0_12u_config7_s_fu_314/res_out_8_reg_995_reg[17]/D
                            (rising edge-triggered cell FDRE clocked by ap_clk  {rise@0.000ns fall@2.500ns period=5.000ns})
  Path Group:             ap_clk
  Path Type:              Setup (Max at Slow Process Corner)
  Requirement:            5.000ns  (ap_clk rise@5.000ns - ap_clk rise@0.000ns)
  Data Path Delay:        4.183ns  (logic 1.536ns (36.720%)  route 2.647ns (63.280%))
  Logic Levels:           13  (CARRY8=5 LUT3=4 LUT4=2 LUT5=1 LUT6=1)
  Clock Path Skew:        -0.007ns (DCD - SCD + CPR)
    Destination Clock Delay (DCD):    0.021ns = ( 5.021 - 5.000 ) 
    Source Clock Delay      (SCD):    0.028ns
    Clock Pessimism Removal (CPR):    0.000ns
  Clock Uncertainty:      0.035ns  ((TSJ^2 + TIJ^2)^1/2 + DJ) / 2 + PE
    Total System Jitter     (TSJ):    0.071ns
    Total Input Jitter      (TIJ):    0.000ns
    Discrete Jitter          (DJ):    0.000ns
    Phase Error              (PE):    0.000ns

    Location             Delay type                Incr(ns)  Path(ns)    Netlist Resource(s)
  -------------------------------------------------------------------    -------------------
                         (clock ap_clk rise edge)     0.000     0.000 r  
                                                      0.000     0.000 r  ap_clk (IN)
                         net (fo=14304, unset)        0.028     0.028    conv_2d_cl_array_ap_fixed_12u_array_ap_fixed_18_9_5_3_0_12u_config7_U0/grp_compute_output_buffer_2d_array_array_ap_fixed_18_9_5_3_0_12u_config7_s_fu_314/grp_dense_latency_ap_fixed_10_5_0_2_0_ap_fixed_18_9_5_3_0_config7_mult_s_fu_622/ap_clk
    SLICE_X30Y44         FDRE                                         r  conv_2d_cl_array_ap_fixed_12u_array_ap_fixed_18_9_5_3_0_12u_config7_U0/grp_compute_output_buffer_2d_array_array_ap_fixed_18_9_5_3_0_12u_config7_s_fu_314/grp_dense_latency_ap_fixed_10_5_0_2_0_ap_fixed_18_9_5_3_0_config7_mult_s_fu_622/add_ln58_593_reg_10831_reg[0]/C
  -------------------------------------------------------------------    -------------------
    SLICE_X30Y44         FDRE (Prop_AFF_SLICEL_C_Q)
                                                      0.079     0.107 r  conv_2d_cl_array_ap_fixed_12u_array_ap_fixed_18_9_5_3_0_12u_config7_U0/grp_compute_output_buffer_2d_array_array_ap_fixed_18_9_5_3_0_12u_config7_s_fu_314/grp_dense_latency_ap_fixed_10_5_0_2_0_ap_fixed_18_9_5_3_0_config7_mult_s_fu_622/add_ln58_593_reg_10831_reg[0]/Q
                         net (fo=2, routed)           0.279     0.386    conv_2d_cl_array_ap_fixed_12u_array_ap_fixed_18_9_5_3_0_12u_config7_U0/grp_compute_output_buffer_2d_array_array_ap_fixed_18_9_5_3_0_12u_config7_s_fu_314/grp_dense_latency_ap_fixed_10_5_0_2_0_ap_fixed_18_9_5_3_0_config7_mult_s_fu_622/add_ln58_593_reg_10831[0]
    SLICE_X34Y47         LUT3 (Prop_A5LUT_SLICEM_I1_O)
                                                      0.112     0.498 r  conv_2d_cl_array_ap_fixed_12u_array_ap_fixed_18_9_5_3_0_12u_config7_U0/grp_compute_output_buffer_2d_array_array_ap_fixed_18_9_5_3_0_12u_config7_s_fu_314/grp_dense_latency_ap_fixed_10_5_0_2_0_ap_fixed_18_9_5_3_0_config7_mult_s_fu_622/ap_return_8_int_reg[17]_i_49/O
                         net (fo=2, routed)           0.191     0.689    conv_2d_cl_array_ap_fixed_12u_array_ap_fixed_18_9_5_3_0_12u_config7_U0/grp_compute_output_buffer_2d_array_array_ap_fixed_18_9_5_3_0_12u_config7_s_fu_314/grp_dense_latency_ap_fixed_10_5_0_2_0_ap_fixed_18_9_5_3_0_config7_mult_s_fu_622/ap_return_8_int_reg[17]_i_49_n_5
    SLICE_X34Y47         LUT4 (Prop_B6LUT_SLICEM_I3_O)
                                                      0.125     0.814 r  conv_2d_cl_array_ap_fixed_12u_array_ap_fixed_18_9_5_3_0_12u_config7_U0/grp_compute_output_buffer_2d_array_array_ap_fixed_18_9_5_3_0_12u_config7_s_fu_314/grp_dense_latency_ap_fixed_10_5_0_2_0_ap_fixed_18_9_5_3_0_config7_mult_s_fu_622/ap_return_8_int_reg[17]_i_56/O
                         net (fo=1, routed)           0.016     0.830    conv_2d_cl_array_ap_fixed_12u_array_ap_fixed_18_9_5_3_0_12u_config7_U0/grp_compute_output_buffer_2d_array_array_ap_fixed_18_9_5_3_0_12u_config7_s_fu_314/grp_dense_latency_ap_fixed_10_5_0_2_0_ap_fixed_18_9_5_3_0_config7_mult_s_fu_622/ap_return_8_int_reg[17]_i_56_n_5
    SLICE_X34Y47         CARRY8 (Prop_CARRY8_SLICEM_S[1]_O[5])
                                                      0.237     1.067 r  conv_2d_cl_array_ap_fixed_12u_array_ap_fixed_18_9_5_3_0_12u_config7_U0/grp_compute_output_buffer_2d_array_array_ap_fixed_18_9_5_3_0_12u_config7_s_fu_314/grp_dense_latency_ap_fixed_10_5_0_2_0_ap_fixed_18_9_5_3_0_config7_mult_s_fu_622/ap_return_8_int_reg_reg[17]_i_25/O[5]
                         net (fo=2, routed)           0.355     1.422    conv_2d_cl_array_ap_fixed_12u_array_ap_fixed_18_9_5_3_0_12u_config7_U0/grp_compute_output_buffer_2d_array_array_ap_fixed_18_9_5_3_0_12u_config7_s_fu_314/grp_dense_latency_ap_fixed_10_5_0_2_0_ap_fixed_18_9_5_3_0_config7_mult_s_fu_622/ap_return_8_int_reg_reg[17]_i_25_n_15
    SLICE_X35Y63         LUT3 (Prop_F5LUT_SLICEM_I0_O)
                                                      0.105     1.527 r  conv_2d_cl_array_ap_fixed_12u_array_ap_fixed_18_9_5_3_0_12u_config7_U0/grp_compute_output_buffer_2d_array_array_ap_fixed_18_9_5_3_0_12u_config7_s_fu_314/grp_dense_latency_ap_fixed_10_5_0_2_0_ap_fixed_18_9_5_3_0_config7_mult_s_fu_622/ap_return_8_int_reg[15]_i_30/O
                         net (fo=2, routed)           0.233     1.760    conv_2d_cl_array_ap_fixed_12u_array_ap_fixed_18_9_5_3_0_12u_config7_U0/grp_compute_output_buffer_2d_array_array_ap_fixed_18_9_5_3_0_12u_config7_s_fu_314/grp_dense_latency_ap_fixed_10_5_0_2_0_ap_fixed_18_9_5_3_0_config7_mult_s_fu_622/ap_return_8_int_reg[15]_i_30_n_5
    SLICE_X35Y63         LUT4 (Prop_G6LUT_SLICEM_I3_O)
                                                      0.090     1.850 r  conv_2d_cl_array_ap_fixed_12u_array_ap_fixed_18_9_5_3_0_12u_config7_U0/grp_compute_output_buffer_2d_array_array_ap_fixed_18_9_5_3_0_12u_config7_s_fu_314/grp_dense_latency_ap_fixed_10_5_0_2_0_ap_fixed_18_9_5_3_0_config7_mult_s_fu_622/ap_return_8_int_reg[15]_i_37/O
                         net (fo=1, routed)           0.016     1.866    conv_2d_cl_array_ap_fixed_12u_array_ap_fixed_18_9_5_3_0_12u_config7_U0/grp_compute_output_buffer_2d_array_array_ap_fixed_18_9_5_3_0_12u_config7_s_fu_314/grp_dense_latency_ap_fixed_10_5_0_2_0_ap_fixed_18_9_5_3_0_config7_mult_s_fu_622/ap_return_8_int_reg[15]_i_37_n_5
    SLICE_X35Y63         CARRY8 (Prop_CARRY8_SLICEM_S[6]_CO[7])
                                                      0.117     1.983 r  conv_2d_cl_array_ap_fixed_12u_array_ap_fixed_18_9_5_3_0_12u_config7_U0/grp_compute_output_buffer_2d_array_array_ap_fixed_18_9_5_3_0_12u_config7_s_fu_314/grp_dense_latency_ap_fixed_10_5_0_2_0_ap_fixed_18_9_5_3_0_config7_mult_s_fu_622/ap_return_8_int_reg_reg[15]_i_24/CO[7]
                         net (fo=1, routed)           0.026     2.009    conv_2d_cl_array_ap_fixed_12u_array_ap_fixed_18_9_5_3_0_12u_config7_U0/grp_compute_output_buffer_2d_array_array_ap_fixed_18_9_5_3_0_12u_config7_s_fu_314/grp_dense_latency_ap_fixed_10_5_0_2_0_ap_fixed_18_9_5_3_0_config7_mult_s_fu_622/ap_return_8_int_reg_reg[15]_i_24_n_5
    SLICE_X35Y64         CARRY8 (Prop_CARRY8_SLICEM_CI_O[3])
                                                      0.082     2.091 r  conv_2d_cl_array_ap_fixed_12u_array_ap_fixed_18_9_5_3_0_12u_config7_U0/grp_compute_output_buffer_2d_array_array_ap_fixed_18_9_5_3_0_12u_config7_s_fu_314/grp_dense_latency_ap_fixed_10_5_0_2_0_ap_fixed_18_9_5_3_0_config7_mult_s_fu_622/ap_return_8_int_reg_reg[17]_i_4/O[3]
                         net (fo=3, routed)           0.677     2.769    conv_2d_cl_array_ap_fixed_12u_array_ap_fixed_18_9_5_3_0_12u_config7_U0/grp_compute_output_buffer_2d_array_array_ap_fixed_18_9_5_3_0_12u_config7_s_fu_314/grp_dense_latency_ap_fixed_10_5_0_2_0_ap_fixed_18_9_5_3_0_config7_mult_s_fu_622/sext_ln58_761_fu_9968_p1[11]
    SLICE_X15Y67         LUT3 (Prop_D6LUT_SLICEM_I1_O)
                                                      0.051     2.820 r  conv_2d_cl_array_ap_fixed_12u_array_ap_fixed_18_9_5_3_0_12u_config7_U0/grp_compute_output_buffer_2d_array_array_ap_fixed_18_9_5_3_0_12u_config7_s_fu_314/grp_dense_latency_ap_fixed_10_5_0_2_0_ap_fixed_18_9_5_3_0_config7_mult_s_fu_622/ap_return_8_int_reg[15]_i_20/O
                         net (fo=2, routed)           0.056     2.876    conv_2d_cl_array_ap_fixed_12u_array_ap_fixed_18_9_5_3_0_12u_config7_U0/grp_compute_output_buffer_2d_array_array_ap_fixed_18_9_5_3_0_12u_config7_s_fu_314/grp_dense_latency_ap_fixed_10_5_0_2_0_ap_fixed_18_9_5_3_0_config7_mult_s_fu_622/ap_return_8_int_reg[15]_i_20_n_5
    SLICE_X15Y67         LUT5 (Prop_C5LUT_SLICEM_I1_O)
                                                      0.159     3.035 r  conv_2d_cl_array_ap_fixed_12u_array_ap_fixed_18_9_5_3_0_12u_config7_U0/grp_compute_output_buffer_2d_array_array_ap_fixed_18_9_5_3_0_12u_config7_s_fu_314/grp_dense_latency_ap_fixed_10_5_0_2_0_ap_fixed_18_9_5_3_0_config7_mult_s_fu_622/ap_return_8_int_reg[15]_i_5/O
                         net (fo=2, routed)           0.280     3.315    conv_2d_cl_array_ap_fixed_12u_array_ap_fixed_18_9_5_3_0_12u_config7_U0/grp_compute_output_buffer_2d_array_array_ap_fixed_18_9_5_3_0_12u_config7_s_fu_314/grp_dense_latency_ap_fixed_10_5_0_2_0_ap_fixed_18_9_5_3_0_config7_mult_s_fu_622/ap_return_8_int_reg[15]_i_5_n_5
    SLICE_X16Y66         LUT6 (Prop_E6LUT_SLICEM_I0_O)
                                                      0.052     3.367 r  conv_2d_cl_array_ap_fixed_12u_array_ap_fixed_18_9_5_3_0_12u_config7_U0/grp_compute_output_buffer_2d_array_array_ap_fixed_18_9_5_3_0_12u_config7_s_fu_314/grp_dense_latency_ap_fixed_10_5_0_2_0_ap_fixed_18_9_5_3_0_config7_mult_s_fu_622/ap_return_8_int_reg[15]_i_13/O
                         net (fo=1, routed)           0.014     3.381    conv_2d_cl_array_ap_fixed_12u_array_ap_fixed_18_9_5_3_0_12u_config7_U0/grp_compute_output_buffer_2d_array_array_ap_fixed_18_9_5_3_0_12u_config7_s_fu_314/grp_dense_latency_ap_fixed_10_5_0_2_0_ap_fixed_18_9_5_3_0_config7_mult_s_fu_622/ap_return_8_int_reg[15]_i_13_n_5
    SLICE_X16Y66         CARRY8 (Prop_CARRY8_SLICEM_S[4]_CO[7])
                                                      0.156     3.537 r  conv_2d_cl_array_ap_fixed_12u_array_ap_fixed_18_9_5_3_0_12u_config7_U0/grp_compute_output_buffer_2d_array_array_ap_fixed_18_9_5_3_0_12u_config7_s_fu_314/grp_dense_latency_ap_fixed_10_5_0_2_0_ap_fixed_18_9_5_3_0_config7_mult_s_fu_622/ap_return_8_int_reg_reg[15]_i_1/CO[7]
                         net (fo=1, routed)           0.026     3.563    conv_2d_cl_array_ap_fixed_12u_array_ap_fixed_18_9_5_3_0_12u_config7_U0/grp_compute_output_buffer_2d_array_array_ap_fixed_18_9_5_3_0_12u_config7_s_fu_314/grp_dense_latency_ap_fixed_10_5_0_2_0_ap_fixed_18_9_5_3_0_config7_mult_s_fu_622/ap_return_8_int_reg_reg[15]_i_1_n_5
    SLICE_X16Y67         CARRY8 (Prop_CARRY8_SLICEM_CI_O[1])
                                                      0.083     3.646 r  conv_2d_cl_array_ap_fixed_12u_array_ap_fixed_18_9_5_3_0_12u_config7_U0/grp_compute_output_buffer_2d_array_array_ap_fixed_18_9_5_3_0_12u_config7_s_fu_314/grp_dense_latency_ap_fixed_10_5_0_2_0_ap_fixed_18_9_5_3_0_config7_mult_s_fu_622/ap_return_8_int_reg_reg[17]_i_1/O[1]
                         net (fo=2, routed)           0.405     4.051    conv_2d_cl_array_ap_fixed_12u_array_ap_fixed_18_9_5_3_0_12u_config7_U0/grp_compute_output_buffer_2d_array_array_ap_fixed_18_9_5_3_0_12u_config7_s_fu_314/grp_dense_latency_ap_fixed_10_5_0_2_0_ap_fixed_18_9_5_3_0_config7_mult_s_fu_622/add_ln58_615_fu_9993_p2[17]
    SLICE_X20Y88         LUT3 (Prop_D6LUT_SLICEM_I0_O)
                                                      0.088     4.139 r  conv_2d_cl_array_ap_fixed_12u_array_ap_fixed_18_9_5_3_0_12u_config7_U0/grp_compute_output_buffer_2d_array_array_ap_fixed_18_9_5_3_0_12u_config7_s_fu_314/grp_dense_latency_ap_fixed_10_5_0_2_0_ap_fixed_18_9_5_3_0_config7_mult_s_fu_622/res_out_8_reg_995[17]_i_1/O
                         net (fo=1, routed)           0.072     4.211    conv_2d_cl_array_ap_fixed_12u_array_ap_fixed_18_9_5_3_0_12u_config7_U0/grp_compute_output_buffer_2d_array_array_ap_fixed_18_9_5_3_0_12u_config7_s_fu_314/grp_dense_latency_ap_fixed_10_5_0_2_0_ap_fixed_18_9_5_3_0_config7_mult_s_fu_622_ap_return_8[17]
    SLICE_X20Y88         FDRE                                         r  conv_2d_cl_array_ap_fixed_12u_array_ap_fixed_18_9_5_3_0_12u_config7_U0/grp_compute_output_buffer_2d_array_array_ap_fixed_18_9_5_3_0_12u_config7_s_fu_314/res_out_8_reg_995_reg[17]/D
  -------------------------------------------------------------------    -------------------

                         (clock ap_clk rise edge)     5.000     5.000 r  
                                                      0.000     5.000 r  ap_clk (IN)
                         net (fo=14304, unset)        0.021     5.021    conv_2d_cl_array_ap_fixed_12u_array_ap_fixed_18_9_5_3_0_12u_config7_U0/grp_compute_output_buffer_2d_array_array_ap_fixed_18_9_5_3_0_12u_config7_s_fu_314/ap_clk
    SLICE_X20Y88         FDRE                                         r  conv_2d_cl_array_ap_fixed_12u_array_ap_fixed_18_9_5_3_0_12u_config7_U0/grp_compute_output_buffer_2d_array_array_ap_fixed_18_9_5_3_0_12u_config7_s_fu_314/res_out_8_reg_995_reg[17]/C
                         clock pessimism              0.000     5.021    
                         clock uncertainty           -0.035     4.986    
    SLICE_X20Y88         FDRE (Setup_DFF_SLICEM_C_D)
                                                      0.025     5.011    conv_2d_cl_array_ap_fixed_12u_array_ap_fixed_18_9_5_3_0_12u_config7_U0/grp_compute_output_buffer_2d_array_array_ap_fixed_18_9_5_3_0_12u_config7_s_fu_314/res_out_8_reg_995_reg[17]
  -------------------------------------------------------------------
                         required time                          5.011    
                         arrival time                          -4.211    
  -------------------------------------------------------------------
                         slack                                  0.800    





Min Delay Paths
--------------------------------------------------------------------------------------
Slack (MET) :             0.004ns  (arrival time - required time)
  Source:                 relu_array_ap_fixed_12u_array_ap_ufixed_17_8_5_3_0_12u_relu_config8_U0/select_ln51_11_reg_1170_reg[1]/C
                            (rising edge-triggered cell FDRE clocked by ap_clk  {rise@0.000ns fall@2.500ns period=5.000ns})
  Destination:            layer8_out_U/U_clean_target_fifo_w204_d52_A_ram/mem_reg_0_63_182_188/RAMG/I
                            (rising edge-triggered cell RAMD64E clocked by ap_clk  {rise@0.000ns fall@2.500ns period=5.000ns})
  Path Group:             ap_clk
  Path Type:              Hold (Min at Slow Process Corner)
  Requirement:            0.000ns  (ap_clk rise@0.000ns - ap_clk rise@0.000ns)
  Data Path Delay:        0.119ns  (logic 0.058ns (48.739%)  route 0.061ns (51.261%))
  Logic Levels:           0  
  Clock Path Skew:        0.037ns (DCD - SCD - CPR)
    Destination Clock Delay (DCD):    0.057ns
    Source Clock Delay      (SCD):    0.020ns
    Clock Pessimism Removal (CPR):    -0.000ns

    Location             Delay type                Incr(ns)  Path(ns)    Netlist Resource(s)
  -------------------------------------------------------------------    -------------------
                         (clock ap_clk rise edge)     0.000     0.000 r  
                                                      0.000     0.000 r  ap_clk (IN)
                         net (fo=14304, unset)        0.020     0.020    relu_array_ap_fixed_12u_array_ap_ufixed_17_8_5_3_0_12u_relu_config8_U0/ap_clk
    SLICE_X27Y104        FDRE                                         r  relu_array_ap_fixed_12u_array_ap_ufixed_17_8_5_3_0_12u_relu_config8_U0/select_ln51_11_reg_1170_reg[1]/C
  -------------------------------------------------------------------    -------------------
    SLICE_X27Y104        FDRE (Prop_FFF_SLICEL_C_Q)
                                                      0.058     0.078 r  relu_array_ap_fixed_12u_array_ap_ufixed_17_8_5_3_0_12u_relu_config8_U0/select_ln51_11_reg_1170_reg[1]/Q
                         net (fo=1, routed)           0.061     0.139    layer8_out_U/U_clean_target_fifo_w204_d52_A_ram/mem_reg_0_63_182_188/DIG
    SLICE_X28Y104        RAMD64E                                      r  layer8_out_U/U_clean_target_fifo_w204_d52_A_ram/mem_reg_0_63_182_188/RAMG/I
  -------------------------------------------------------------------    -------------------

                         (clock ap_clk rise edge)     0.000     0.000 r  
                                                      0.000     0.000 r  ap_clk (IN)
                         net (fo=14304, unset)        0.057     0.057    layer8_out_U/U_clean_target_fifo_w204_d52_A_ram/mem_reg_0_63_182_188/WCLK
    SLICE_X28Y104        RAMD64E                                      r  layer8_out_U/U_clean_target_fifo_w204_d52_A_ram/mem_reg_0_63_182_188/RAMG/CLK
                         clock pessimism              0.000     0.057    
    SLICE_X28Y104        RAMD64E (Hold_G6LUT_SLICEM_CLK_I)
                                                      0.078     0.135    layer8_out_U/U_clean_target_fifo_w204_d52_A_ram/mem_reg_0_63_182_188/RAMG
  -------------------------------------------------------------------
                         required time                         -0.135    
                         arrival time                           0.139    
  -------------------------------------------------------------------
                         slack                                  0.004    





Pulse Width Checks
--------------------------------------------------------------------------------------
Clock Name:         ap_clk
Waveform(ns):       { 0.000 2.500 }
Period(ns):         5.000
Sources:            { ap_clk }

Check Type        Corner  Lib Pin             Reference Pin  Required(ns)  Actual(ns)  Slack(ns)  Location      Pin
Min Period        n/a     RAMB36E2/CLKARDCLK  n/a            1.569         5.000       3.431      RAMB36_X1Y18  layer3_out_U/U_clean_target_fifo_w192_d336_A_ram/mem_reg_0/CLKARDCLK
Low Pulse Width   Slow    RAMB36E2/CLKARDCLK  n/a            0.542         2.500       1.958      RAMB36_X1Y18  layer3_out_U/U_clean_target_fifo_w192_d336_A_ram/mem_reg_0/CLKARDCLK
High Pulse Width  Slow    RAMB36E2/CLKARDCLK  n/a            0.542         2.500       1.958      RAMB36_X1Y18  layer3_out_U/U_clean_target_fifo_w192_d336_A_ram/mem_reg_0/CLKARDCLK



